Component: Arm Compiler for Embedded 6.24 Tool: armlink [5f371500]

==============================================================================

Section Cross References

    main.o(.ARM.exidx.text.delay) refers to main.o(.text.delay) for [Anonymous Symbol]
    main.o(.ARM.exidx.text.delay_ms) refers to main.o(.text.delay_ms) for [Anonymous Symbol]
    main.o(.text.LCD_pulse_enable) refers to main.o(.text.delay) for delay
    main.o(.ARM.exidx.text.LCD_pulse_enable) refers to main.o(.text.LCD_pulse_enable) for [Anonymous Symbol]
    main.o(.text.LCD_write_nibble) refers to main.o(.text.LCD_pulse_enable) for LCD_pulse_enable
    main.o(.ARM.exidx.text.LCD_write_nibble) refers to main.o(.text.LCD_write_nibble) for [Anonymous Symbol]
    main.o(.text.LCD_send_command) refers to main.o(.text.LCD_write_nibble) for LCD_write_nibble
    main.o(.text.LCD_send_command) refers to main.o(.text.delay_ms) for delay_ms
    main.o(.ARM.exidx.text.LCD_send_command) refers to main.o(.text.LCD_send_command) for [Anonymous Symbol]
    main.o(.text.LCD_clear) refers to main.o(.text.LCD_send_command) for LCD_send_command
    main.o(.ARM.exidx.text.LCD_clear) refers to main.o(.text.LCD_clear) for [Anonymous Symbol]
    main.o(.text.LCD_home) refers to main.o(.text.LCD_send_command) for LCD_send_command
    main.o(.ARM.exidx.text.LCD_home) refers to main.o(.text.LCD_home) for [Anonymous Symbol]
    main.o(.text.LCD_send_data) refers to main.o(.text.LCD_write_nibble) for LCD_write_nibble
    main.o(.ARM.exidx.text.LCD_send_data) refers to main.o(.text.LCD_send_data) for [Anonymous Symbol]
    main.o(.text.LCD_init) refers to main.o(.text.delay_ms) for delay_ms
    main.o(.text.LCD_init) refers to main.o(.text.LCD_write_nibble) for LCD_write_nibble
    main.o(.text.LCD_init) refers to main.o(.text.delay) for delay
    main.o(.text.LCD_init) refers to main.o(.text.LCD_send_command) for LCD_send_command
    main.o(.ARM.exidx.text.LCD_init) refers to main.o(.text.LCD_init) for [Anonymous Symbol]
    main.o(.text.LCD_send_int) refers to main.o(.text.LCD_send_data) for LCD_send_data
    main.o(.ARM.exidx.text.LCD_send_int) refers to main.o(.text.LCD_send_int) for [Anonymous Symbol]
    main.o(.text.LCD_send_single_hex) refers to main.o(.text.LCD_send_data) for LCD_send_data
    main.o(.ARM.exidx.text.LCD_send_single_hex) refers to main.o(.text.LCD_send_single_hex) for [Anonymous Symbol]
    main.o(.text.LCD_send_hex) refers to main.o(.text.LCD_send_single_hex) for LCD_send_single_hex
    main.o(.ARM.exidx.text.LCD_send_hex) refers to main.o(.text.LCD_send_hex) for [Anonymous Symbol]
    main.o(.text.LCD_send_string) refers to strlen.o(.text) for strlen
    main.o(.text.LCD_send_string) refers to main.o(.text.LCD_send_command) for LCD_send_command
    main.o(.text.LCD_send_string) refers to main.o(.text.LCD_send_data) for LCD_send_data
    main.o(.ARM.exidx.text.LCD_send_string) refers to main.o(.text.LCD_send_string) for [Anonymous Symbol]
    main.o(.text.LCD_create_char) refers to main.o(.text.LCD_send_command) for LCD_send_command
    main.o(.text.LCD_create_char) refers to main.o(.text.LCD_send_data) for LCD_send_data
    main.o(.ARM.exidx.text.LCD_create_char) refers to main.o(.text.LCD_create_char) for [Anonymous Symbol]
    main.o(.text.LCD_set_cursor) refers to main.o(.text.LCD_send_command) for LCD_send_command
    main.o(.ARM.exidx.text.LCD_set_cursor) refers to main.o(.text.LCD_set_cursor) for [Anonymous Symbol]
    main.o(.ARM.exidx.text.PWM_init) refers to main.o(.text.PWM_init) for [Anonymous Symbol]
    main.o(.text.LED_init) refers to main.o(.text.PWM_init) for PWM_init
    main.o(.ARM.exidx.text.LED_init) refers to main.o(.text.LED_init) for [Anonymous Symbol]
    main.o(.text.red_led) refers to aeabi_sdiv.o(.text) for __aeabi_uidiv
    main.o(.ARM.exidx.text.red_led) refers to main.o(.text.red_led) for [Anonymous Symbol]
    main.o(.text.yellow_led) refers to aeabi_sdiv.o(.text) for __aeabi_uidiv
    main.o(.ARM.exidx.text.yellow_led) refers to main.o(.text.yellow_led) for [Anonymous Symbol]
    main.o(.ARM.exidx.text.green_led) refers to main.o(.text.green_led) for [Anonymous Symbol]
    main.o(.text.main) refers to main.o(.text.LCD_init) for LCD_init
    main.o(.text.main) refers to main.o(.text.LED_init) for LED_init
    main.o(.text.main) refers to main.o(.text.LCD_create_char) for LCD_create_char
    main.o(.text.main) refers to main.o(.text.LCD_home) for LCD_home
    main.o(.text.main) refers to main.o(.text.LCD_send_data) for LCD_send_data
    main.o(.text.main) refers to main.o(.text.LCD_set_cursor) for LCD_set_cursor
    main.o(.text.main) refers to main.o(.text.LCD_send_string) for LCD_send_string
    main.o(.text.main) refers to main.o(.text.red_led) for red_led
    main.o(.text.main) refers to main.o(.text.yellow_led) for yellow_led
    main.o(.text.main) refers to main.o(.text.green_led) for green_led
    main.o(.text.main) refers to main.o(.text.delay_ms) for delay_ms
    main.o(.text.main) refers to main.o(.text.LCD_clear) for LCD_clear
    main.o(.text.main) refers to main.o(.rodata.str1.1) for [Anonymous Symbol]
    main.o(.text.main) refers to main.o(.data.LEFT_ARROW) for LEFT_ARROW
    main.o(.text.main) refers to main.o(.data.RIGHT_ARROW) for RIGHT_ARROW
    main.o(.text.main) refers to main.o(.data.STARTUP_LOGO) for STARTUP_LOGO
    main.o(.ARM.exidx.text.main) refers to main.o(.text.main) for [Anonymous Symbol]
    startup_mkl25z4.o(STACK) refers (Special) to heapauxi.o(.text) for __use_two_region_memory
    startup_mkl25z4.o(HEAP) refers (Special) to heapauxi.o(.text) for __use_two_region_memory
    startup_mkl25z4.o(RESET) refers (Special) to heapauxi.o(.text) for __use_two_region_memory
    startup_mkl25z4.o(RESET) refers to startup_mkl25z4.o(STACK) for __initial_sp
    startup_mkl25z4.o(RESET) refers to startup_mkl25z4.o(.text) for Reset_Handler
    startup_mkl25z4.o(.ARM.__at_0x400) refers (Special) to heapauxi.o(.text) for __use_two_region_memory
    startup_mkl25z4.o(.text) refers (Special) to heapauxi.o(.text) for __use_two_region_memory
    startup_mkl25z4.o(.text) refers to system_mkl25z4.o(.text.SystemInit) for SystemInit
    startup_mkl25z4.o(.text) refers to __main.o(!!!main) for __main
    startup_mkl25z4.o(.text) refers to startup_mkl25z4.o(HEAP) for Heap_Mem
    startup_mkl25z4.o(.text) refers to startup_mkl25z4.o(STACK) for Stack_Mem
    system_mkl25z4.o(.ARM.exidx.text.SystemInit) refers to system_mkl25z4.o(.text.SystemInit) for [Anonymous Symbol]
    system_mkl25z4.o(.text.SystemCoreClockUpdate) refers to aeabi_sdiv.o(.text) for __aeabi_uidiv
    system_mkl25z4.o(.text.SystemCoreClockUpdate) refers to system_mkl25z4.o(.data.SystemCoreClock) for SystemCoreClock
    system_mkl25z4.o(.ARM.exidx.text.SystemCoreClockUpdate) refers to system_mkl25z4.o(.text.SystemCoreClockUpdate) for [Anonymous Symbol]
    __main.o(!!!main) refers to __rtentry.o(.ARM.Collect$$rtentry$$00000000) for __rt_entry
    __rtentry.o(.ARM.Collect$$rtentry$$00000000) refers (Special) to __rtentry2.o(.ARM.Collect$$rtentry$$0000000A) for __rt_entry_li
    __rtentry.o(.ARM.Collect$$rtentry$$00000000) refers (Special) to __rtentry2.o(.ARM.Collect$$rtentry$$0000000D) for __rt_entry_main
    __rtentry.o(.ARM.Collect$$rtentry$$00000000) refers (Special) to __rtentry2.o(.ARM.Collect$$rtentry$$0000000C) for __rt_entry_postli_1
    __rtentry.o(.ARM.Collect$$rtentry$$00000000) refers (Special) to __rtentry2.o(.ARM.Collect$$rtentry$$00000009) for __rt_entry_postsh_1
    __rtentry.o(.ARM.Collect$$rtentry$$00000000) refers (Special) to __rtentry2.o(.ARM.Collect$$rtentry$$00000002) for __rt_entry_presh_1
    __rtentry.o(.ARM.Collect$$rtentry$$00000000) refers (Special) to __rtentry4.o(.ARM.Collect$$rtentry$$00000004) for __rt_entry_sh
    aeabi_idiv0_sigfpe.o(.text) refers to rt_div0.o(.text) for __rt_div0
    __rtentry2.o(.ARM.Collect$$rtentry$$00000008) refers to boardinit2.o(.text) for _platform_post_stackheap_init
    __rtentry2.o(.ARM.Collect$$rtentry$$0000000A) refers to libinit.o(.ARM.Collect$$libinit$$00000000) for __rt_lib_init
    __rtentry2.o(.ARM.Collect$$rtentry$$0000000B) refers to boardinit3.o(.text) for _platform_post_lib_init
    __rtentry2.o(.ARM.Collect$$rtentry$$0000000D) refers to main.o(.text.main) for main
    __rtentry2.o(.ARM.Collect$$rtentry$$0000000D) refers to exit.o(.text) for exit
    __rtentry2.o(.ARM.exidx) refers to __rtentry2.o(.ARM.Collect$$rtentry$$00000001) for .ARM.Collect$$rtentry$$00000001
    __rtentry2.o(.ARM.exidx) refers to __rtentry2.o(.ARM.Collect$$rtentry$$00000008) for .ARM.Collect$$rtentry$$00000008
    __rtentry2.o(.ARM.exidx) refers to __rtentry2.o(.ARM.Collect$$rtentry$$0000000A) for .ARM.Collect$$rtentry$$0000000A
    __rtentry2.o(.ARM.exidx) refers to __rtentry2.o(.ARM.Collect$$rtentry$$0000000B) for .ARM.Collect$$rtentry$$0000000B
    __rtentry2.o(.ARM.exidx) refers to __rtentry2.o(.ARM.Collect$$rtentry$$0000000D) for .ARM.Collect$$rtentry$$0000000D
    __rtentry4.o(.ARM.Collect$$rtentry$$00000004) refers to sys_stackheap_outer.o(.text) for __user_setup_stackheap
    __rtentry4.o(.ARM.exidx) refers to __rtentry4.o(.ARM.Collect$$rtentry$$00000004) for .ARM.Collect$$rtentry$$00000004
    rt_div0.o(.text) refers to defsig_fpe_outer.o(.text) for __rt_SIGFPE
    sys_stackheap_outer.o(.text) refers to libspace.o(.text) for __user_perproc_libspace
    sys_stackheap_outer.o(.text) refers to startup_mkl25z4.o(.text) for __user_initial_stackheap
    sys_stackheap_outer.o(__vectab_stack_and_reset_area) refers to tempstk.o(.text) for __temporary_stack_top
    sys_stackheap_outer.o(__vectab_stack_and_reset_area) refers to __main.o(!!!main) for __main
    exit.o(.text) refers to rtexit.o(.ARM.Collect$$rtexit$$00000000) for __rt_exit
    defsig_fpe_outer.o(.text) refers to defsig_fpe_inner.o(.text) for __rt_SIGFPE_inner
    defsig_fpe_outer.o(.text) refers to defsig_exit.o(.text) for __sig_exit
    defsig_fpe_formal.o(.text) refers to rt_raise.o(.text) for __rt_raise
    libinit.o(.ARM.Collect$$libinit$$00000000) refers (Special) to libinit2.o(.ARM.Collect$$libinit$$00000030) for __rt_lib_init_alloca_1
    libinit.o(.ARM.Collect$$libinit$$00000000) refers (Special) to libinit2.o(.ARM.Collect$$libinit$$0000002E) for __rt_lib_init_argv_1
    libinit.o(.ARM.Collect$$libinit$$00000000) refers (Special) to libinit2.o(.ARM.Collect$$libinit$$0000001D) for __rt_lib_init_atexit_1
    libinit.o(.ARM.Collect$$libinit$$00000000) refers (Special) to libinit2.o(.ARM.Collect$$libinit$$00000023) for __rt_lib_init_clock_1
    libinit.o(.ARM.Collect$$libinit$$00000000) refers (Special) to libinit2.o(.ARM.Collect$$libinit$$00000034) for __rt_lib_init_cpp_1
    libinit.o(.ARM.Collect$$libinit$$00000000) refers (Special) to libinit2.o(.ARM.Collect$$libinit$$00000032) for __rt_lib_init_exceptions_1
    libinit.o(.ARM.Collect$$libinit$$00000000) refers (Special) to libinit2.o(.ARM.Collect$$libinit$$00000002) for __rt_lib_init_fp_1
    libinit.o(.ARM.Collect$$libinit$$00000000) refers (Special) to libinit2.o(.ARM.Collect$$libinit$$00000021) for __rt_lib_init_fp_trap_1
    libinit.o(.ARM.Collect$$libinit$$00000000) refers (Special) to libinit2.o(.ARM.Collect$$libinit$$00000025) for __rt_lib_init_getenv_1
    libinit.o(.ARM.Collect$$libinit$$00000000) refers (Special) to libinit2.o(.ARM.Collect$$libinit$$0000000C) for __rt_lib_init_heap_1
    libinit.o(.ARM.Collect$$libinit$$00000000) refers (Special) to libinit2.o(.ARM.Collect$$libinit$$00000013) for __rt_lib_init_lc_collate_1
    libinit.o(.ARM.Collect$$libinit$$00000000) refers (Special) to libinit2.o(.ARM.Collect$$libinit$$00000015) for __rt_lib_init_lc_ctype_1
    libinit.o(.ARM.Collect$$libinit$$00000000) refers (Special) to libinit2.o(.ARM.Collect$$libinit$$00000017) for __rt_lib_init_lc_monetary_1
    libinit.o(.ARM.Collect$$libinit$$00000000) refers (Special) to libinit2.o(.ARM.Collect$$libinit$$00000019) for __rt_lib_init_lc_numeric_1
    libinit.o(.ARM.Collect$$libinit$$00000000) refers (Special) to libinit2.o(.ARM.Collect$$libinit$$0000001B) for __rt_lib_init_lc_time_1
    libinit.o(.ARM.Collect$$libinit$$00000000) refers (Special) to libinit2.o(.ARM.Collect$$libinit$$00000006) for __rt_lib_init_preinit_1
    libinit.o(.ARM.Collect$$libinit$$00000000) refers (Special) to libinit2.o(.ARM.Collect$$libinit$$00000010) for __rt_lib_init_rand_1
    libinit.o(.ARM.Collect$$libinit$$00000000) refers (Special) to libinit2.o(.ARM.Collect$$libinit$$00000004) for __rt_lib_init_relocate_pie_1
    libinit.o(.ARM.Collect$$libinit$$00000000) refers (Special) to libinit2.o(.ARM.Collect$$libinit$$00000035) for __rt_lib_init_return
    libinit.o(.ARM.Collect$$libinit$$00000000) refers (Special) to libinit2.o(.ARM.Collect$$libinit$$0000001F) for __rt_lib_init_signal_1
    libinit.o(.ARM.Collect$$libinit$$00000000) refers (Special) to libinit2.o(.ARM.Collect$$libinit$$00000027) for __rt_lib_init_stdio_1
    libinit.o(.ARM.Collect$$libinit$$00000000) refers (Special) to libinit2.o(.ARM.Collect$$libinit$$0000000E) for __rt_lib_init_user_alloc_1
    libspace.o(.text) refers to libspace.o(.bss) for __libspace_start
    rtexit.o(.ARM.Collect$$rtexit$$00000000) refers (Special) to rtexit2.o(.ARM.Collect$$rtexit$$00000004) for __rt_exit_exit
    rtexit.o(.ARM.Collect$$rtexit$$00000000) refers (Special) to rtexit2.o(.ARM.Collect$$rtexit$$00000003) for __rt_exit_ls
    rtexit.o(.ARM.Collect$$rtexit$$00000000) refers (Special) to rtexit2.o(.ARM.Collect$$rtexit$$00000002) for __rt_exit_prels_1
    rtexit.o(.ARM.exidx) refers (Special) to rtexit2.o(.ARM.Collect$$rtexit$$00000004) for __rt_exit_exit
    rtexit.o(.ARM.exidx) refers (Special) to rtexit2.o(.ARM.Collect$$rtexit$$00000003) for __rt_exit_ls
    rtexit.o(.ARM.exidx) refers (Special) to rtexit2.o(.ARM.Collect$$rtexit$$00000002) for __rt_exit_prels_1
    rtexit.o(.ARM.exidx) refers to rtexit.o(.ARM.Collect$$rtexit$$00000000) for .ARM.Collect$$rtexit$$00000000
    rt_raise.o(.text) refers to __raise.o(.text) for __raise
    rt_raise.o(.text) refers to sys_exit.o(.text) for _sys_exit
    defsig_exit.o(.text) refers to sys_exit.o(.text) for _sys_exit
    defsig_fpe_inner.o(.text) refers to defsig_general.o(.text) for __default_signal_display
    libinit2.o(.ARM.Collect$$libinit$$00000012) refers to libinit2.o(.ARM.Collect$$libinit$$00000011) for .ARM.Collect$$libinit$$00000011
    libinit2.o(.ARM.Collect$$libinit$$00000014) refers to libinit2.o(.ARM.Collect$$libinit$$00000011) for .ARM.Collect$$libinit$$00000011
    libinit2.o(.ARM.Collect$$libinit$$00000016) refers to libinit2.o(.ARM.Collect$$libinit$$00000011) for .ARM.Collect$$libinit$$00000011
    libinit2.o(.ARM.Collect$$libinit$$00000018) refers to libinit2.o(.ARM.Collect$$libinit$$00000011) for .ARM.Collect$$libinit$$00000011
    libinit2.o(.ARM.Collect$$libinit$$0000001A) refers to libinit2.o(.ARM.Collect$$libinit$$00000011) for .ARM.Collect$$libinit$$00000011
    libinit2.o(.ARM.Collect$$libinit$$00000028) refers to argv_veneer.o(.text) for __ARM_argv_veneer
    libinit2.o(.ARM.Collect$$libinit$$00000029) refers to argv_veneer.o(.text) for __ARM_argv_veneer
    sys_exit.o(.text) refers (Special) to use_no_semi.o(.text) for __I$use$semihosting
    sys_exit.o(.text) refers (Special) to indicate_semi.o(.text) for __semihosting_library_function
    sys_exit_hlt.o(.text) refers (Special) to use_no_semi.o(.text) for __I$use$semihosting
    sys_exit_hlt.o(.text) refers (Special) to indicate_semi.o(.text) for __semihosting_library_function
    rtexit2.o(.ARM.Collect$$rtexit$$00000003) refers to libshutdown.o(.ARM.Collect$$libshutdown$$00000000) for __rt_lib_shutdown
    rtexit2.o(.ARM.Collect$$rtexit$$00000004) refers to sys_exit.o(.text) for _sys_exit
    rtexit2.o(.ARM.exidx) refers to rtexit2.o(.ARM.Collect$$rtexit$$00000001) for .ARM.Collect$$rtexit$$00000001
    rtexit2.o(.ARM.exidx) refers to rtexit2.o(.ARM.Collect$$rtexit$$00000003) for .ARM.Collect$$rtexit$$00000003
    rtexit2.o(.ARM.exidx) refers to rtexit2.o(.ARM.Collect$$rtexit$$00000004) for .ARM.Collect$$rtexit$$00000004
    __raise.o(.text) refers to defsig.o(CL$$defsig) for __default_signal_handler
    defsig_general.o(.text) refers to sys_wrch.o(.text) for _ttywrch
    sys_wrch.o(.text) refers (Special) to use_no_semi.o(.text) for __I$use$semihosting
    sys_wrch.o(.text) refers (Special) to indicate_semi.o(.text) for __semihosting_library_function
    sys_wrch_hlt.o(.text) refers (Special) to use_no_semi.o(.text) for __I$use$semihosting
    sys_wrch_hlt.o(.text) refers (Special) to indicate_semi.o(.text) for __semihosting_library_function
    defsig.o(CL$$defsig) refers to defsig_fpe_inner.o(.text) for __rt_SIGFPE_inner
    defsig.o(CL$$defsig) refers to defsig_rtmem_inner.o(.text) for __rt_SIGRTMEM_inner
    _get_argv_nomalloc.o(.text) refers (Special) to hrguard.o(.text) for __heap_region$guard
    _get_argv_nomalloc.o(.text) refers to defsig_rtmem_outer.o(.text) for __rt_SIGRTMEM
    _get_argv_nomalloc.o(.text) refers to sys_command.o(.text) for _sys_command_string
    libshutdown.o(.ARM.Collect$$libshutdown$$00000000) refers (Special) to libshutdown2.o(.ARM.Collect$$libshutdown$$00000002) for __rt_lib_shutdown_cpp_1
    libshutdown.o(.ARM.Collect$$libshutdown$$00000000) refers (Special) to libshutdown2.o(.ARM.Collect$$libshutdown$$00000007) for __rt_lib_shutdown_fp_trap_1
    libshutdown.o(.ARM.Collect$$libshutdown$$00000000) refers (Special) to libshutdown2.o(.ARM.Collect$$libshutdown$$0000000F) for __rt_lib_shutdown_heap_1
    libshutdown.o(.ARM.Collect$$libshutdown$$00000000) refers (Special) to libshutdown2.o(.ARM.Collect$$libshutdown$$00000010) for __rt_lib_shutdown_return
    libshutdown.o(.ARM.Collect$$libshutdown$$00000000) refers (Special) to libshutdown2.o(.ARM.Collect$$libshutdown$$0000000A) for __rt_lib_shutdown_signal_1
    libshutdown.o(.ARM.Collect$$libshutdown$$00000000) refers (Special) to libshutdown2.o(.ARM.Collect$$libshutdown$$00000004) for __rt_lib_shutdown_stdio_1
    libshutdown.o(.ARM.Collect$$libshutdown$$00000000) refers (Special) to libshutdown2.o(.ARM.Collect$$libshutdown$$0000000C) for __rt_lib_shutdown_user_alloc_1
    sys_command.o(.text) refers (Special) to use_no_semi.o(.text) for __I$use$semihosting
    sys_command.o(.text) refers (Special) to indicate_semi.o(.text) for __semihosting_library_function
    sys_command_hlt.o(.text) refers (Special) to use_no_semi.o(.text) for __I$use$semihosting
    sys_command_hlt.o(.text) refers (Special) to indicate_semi.o(.text) for __semihosting_library_function
    defsig_abrt_inner.o(.text) refers to defsig_general.o(.text) for __default_signal_display
    defsig_rtred_inner.o(.text) refers to defsig_general.o(.text) for __default_signal_display
    defsig_rtmem_inner.o(.text) refers to defsig_general.o(.text) for __default_signal_display
    defsig_rtmem_outer.o(.text) refers to defsig_rtmem_inner.o(.text) for __rt_SIGRTMEM_inner
    defsig_rtmem_outer.o(.text) refers to defsig_exit.o(.text) for __sig_exit
    defsig_rtmem_formal.o(.text) refers to rt_raise.o(.text) for __rt_raise
    defsig_stak_inner.o(.text) refers to defsig_general.o(.text) for __default_signal_display
    defsig_pvfn_inner.o(.text) refers to defsig_general.o(.text) for __default_signal_display
    defsig_cppl_inner.o(.text) refers to defsig_general.o(.text) for __default_signal_display
    defsig_segv_inner.o(.text) refers to defsig_general.o(.text) for __default_signal_display
    defsig_other.o(.text) refers to defsig_general.o(.text) for __default_signal_display


==============================================================================

Removing Unused input sections from the image.

    Removing main.o(.text), (0 bytes).
    Removing main.o(.ARM.exidx.text.delay), (8 bytes).
    Removing main.o(.ARM.exidx.text.delay_ms), (8 bytes).
    Removing main.o(.ARM.exidx.text.LCD_pulse_enable), (8 bytes).
    Removing main.o(.ARM.exidx.text.LCD_write_nibble), (8 bytes).
    Removing main.o(.ARM.exidx.text.LCD_send_command), (8 bytes).
    Removing main.o(.ARM.exidx.text.LCD_clear), (8 bytes).
    Removing main.o(.ARM.exidx.text.LCD_home), (8 bytes).
    Removing main.o(.ARM.exidx.text.LCD_send_data), (8 bytes).
    Removing main.o(.ARM.exidx.text.LCD_init), (8 bytes).
    Removing main.o(.text.LCD_send_int), (20 bytes).
    Removing main.o(.ARM.exidx.text.LCD_send_int), (8 bytes).
    Removing main.o(.text.LCD_send_single_hex), (42 bytes).
    Removing main.o(.ARM.exidx.text.LCD_send_single_hex), (8 bytes).
    Removing main.o(.text.LCD_send_hex), (58 bytes).
    Removing main.o(.ARM.exidx.text.LCD_send_hex), (8 bytes).
    Removing main.o(.ARM.exidx.text.LCD_send_string), (8 bytes).
    Removing main.o(.ARM.exidx.text.LCD_create_char), (8 bytes).
    Removing main.o(.ARM.exidx.text.LCD_set_cursor), (8 bytes).
    Removing main.o(.ARM.exidx.text.PWM_init), (8 bytes).
    Removing main.o(.ARM.exidx.text.LED_init), (8 bytes).
    Removing main.o(.ARM.exidx.text.red_led), (8 bytes).
    Removing main.o(.ARM.exidx.text.yellow_led), (8 bytes).
    Removing main.o(.ARM.exidx.text.green_led), (8 bytes).
    Removing main.o(.ARM.exidx.text.main), (8 bytes).
    Removing main.o(.ARM.use_no_argv), (4 bytes).
    Removing system_mkl25z4.o(.text), (0 bytes).
    Removing system_mkl25z4.o(.ARM.exidx.text.SystemInit), (8 bytes).
    Removing system_mkl25z4.o(.text.SystemCoreClockUpdate), (556 bytes).
    Removing system_mkl25z4.o(.ARM.exidx.text.SystemCoreClockUpdate), (8 bytes).
    Removing system_mkl25z4.o(.data.SystemCoreClock), (4 bytes).

31 unused section(s) (total 868 bytes) removed from the image.

==============================================================================

Image Symbol Table

    Local Symbols

    Symbol Name                              Value     Ov Type        Size  Object(Section)

    ../clib/angel/boardlib.s                 0x00000000   Number         0  boardinit1.o ABSOLUTE
    ../clib/angel/boardlib.s                 0x00000000   Number         0  boardinit2.o ABSOLUTE
    ../clib/angel/boardlib.s                 0x00000000   Number         0  boardinit3.o ABSOLUTE
    ../clib/angel/boardlib.s                 0x00000000   Number         0  boardshut.o ABSOLUTE
    ../clib/angel/handlers.s                 0x00000000   Number         0  __scatter_copy.o ABSOLUTE
    ../clib/angel/handlers.s                 0x00000000   Number         0  __scatter_zi.o ABSOLUTE
    ../clib/angel/kernel.s                   0x00000000   Number         0  __rtentry.o ABSOLUTE
    ../clib/angel/kernel.s                   0x00000000   Number         0  __rtentry2.o ABSOLUTE
    ../clib/angel/kernel.s                   0x00000000   Number         0  __rtentry4.o ABSOLUTE
    ../clib/angel/kernel.s                   0x00000000   Number         0  rtexit.o ABSOLUTE
    ../clib/angel/kernel.s                   0x00000000   Number         0  rtexit2.o ABSOLUTE
    ../clib/angel/rt.s                       0x00000000   Number         0  aeabi_idiv0.o ABSOLUTE
    ../clib/angel/rt.s                       0x00000000   Number         0  aeabi_idiv0_sigfpe.o ABSOLUTE
    ../clib/angel/rt.s                       0x00000000   Number         0  rt_div0.o ABSOLUTE
    ../clib/angel/rt.s                       0x00000000   Number         0  rt_raise.o ABSOLUTE
    ../clib/angel/scatterp.s                 0x00000000   Number         0  __scatter.o ABSOLUTE
    ../clib/angel/startup.s                  0x00000000   Number         0  __main.o ABSOLUTE
    ../clib/angel/sys.s                      0x00000000   Number         0  sys_stackheap_outer.o ABSOLUTE
    ../clib/angel/sys.s                      0x00000000   Number         0  libspace.o ABSOLUTE
    ../clib/angel/sys.s                      0x00000000   Number         0  tempstk.o ABSOLUTE
    ../clib/angel/sys.s                      0x00000000   Number         0  use_no_semi.o ABSOLUTE
    ../clib/angel/sys.s                      0x00000000   Number         0  indicate_semi.o ABSOLUTE
    ../clib/angel/sysapp.c                   0x00000000   Number         0  sys_exit.o ABSOLUTE
    ../clib/angel/sysapp.c                   0x00000000   Number         0  sys_exit_hlt.o ABSOLUTE
    ../clib/angel/sysapp.c                   0x00000000   Number         0  sys_wrch.o ABSOLUTE
    ../clib/angel/sysapp.c                   0x00000000   Number         0  sys_wrch_hlt.o ABSOLUTE
    ../clib/angel/sysapp.c                   0x00000000   Number         0  sys_command.o ABSOLUTE
    ../clib/angel/sysapp.c                   0x00000000   Number         0  sys_command_hlt.o ABSOLUTE
    ../clib/armsys.c                         0x00000000   Number         0  argv_veneer.o ABSOLUTE
    ../clib/armsys.c                         0x00000000   Number         0  _get_argv_nomalloc.o ABSOLUTE
    ../clib/armsys.c                         0x00000000   Number         0  no_argv.o ABSOLUTE
    ../clib/division.s                       0x00000000   Number         0  aeabi_sdiv.o ABSOLUTE
    ../clib/division.s                       0x00000000   Number         0  aeabi_sdiv_div0.o ABSOLUTE
    ../clib/heapalloc.c                      0x00000000   Number         0  hrguard.o ABSOLUTE
    ../clib/heapaux.c                        0x00000000   Number         0  heapauxi.o ABSOLUTE
    ../clib/libinit.s                        0x00000000   Number         0  libinit.o ABSOLUTE
    ../clib/libinit.s                        0x00000000   Number         0  libinit2.o ABSOLUTE
    ../clib/libinit.s                        0x00000000   Number         0  libshutdown.o ABSOLUTE
    ../clib/libinit.s                        0x00000000   Number         0  libshutdown2.o ABSOLUTE
    ../clib/signal.c                         0x00000000   Number         0  defsig_fpe_outer.o ABSOLUTE
    ../clib/signal.c                         0x00000000   Number         0  defsig_fpe_formal.o ABSOLUTE
    ../clib/signal.c                         0x00000000   Number         0  defsig_exit.o ABSOLUTE
    ../clib/signal.c                         0x00000000   Number         0  defsig_fpe_inner.o ABSOLUTE
    ../clib/signal.c                         0x00000000   Number         0  __raise.o ABSOLUTE
    ../clib/signal.c                         0x00000000   Number         0  defsig_general.o ABSOLUTE
    ../clib/signal.c                         0x00000000   Number         0  defsig_abrt_inner.o ABSOLUTE
    ../clib/signal.c                         0x00000000   Number         0  defsig_rtred_inner.o ABSOLUTE
    ../clib/signal.c                         0x00000000   Number         0  defsig_rtmem_inner.o ABSOLUTE
    ../clib/signal.c                         0x00000000   Number         0  defsig_rtmem_outer.o ABSOLUTE
    ../clib/signal.c                         0x00000000   Number         0  defsig_rtmem_formal.o ABSOLUTE
    ../clib/signal.c                         0x00000000   Number         0  defsig_stak_inner.o ABSOLUTE
    ../clib/signal.c                         0x00000000   Number         0  defsig_pvfn_inner.o ABSOLUTE
    ../clib/signal.c                         0x00000000   Number         0  defsig_cppl_inner.o ABSOLUTE
    ../clib/signal.c                         0x00000000   Number         0  defsig_segv_inner.o ABSOLUTE
    ../clib/signal.c                         0x00000000   Number         0  defsig_other.o ABSOLUTE
    ../clib/signal.s                         0x00000000   Number         0  defsig.o ABSOLUTE
    ../clib/stdlib.c                         0x00000000   Number         0  exit.o ABSOLUTE
    ../clib/string.c                         0x00000000   Number         0  strlen.o ABSOLUTE
    ../fplib/cfplib/fpinit.c                 0x00000000   Number         0  fpinit.o ABSOLUTE
    RTE/Device/MKL25Z128xxx4/startup_MKL25Z4.s 0x00000000   Number         0  startup_mkl25z4.o ABSOLUTE
    dc.s                                     0x00000000   Number         0  dc.o ABSOLUTE
    main.c                                   0x00000000   Number         0  main.o ABSOLUTE
    system_MKL25Z4.c                         0x00000000   Number         0  system_mkl25z4.o ABSOLUTE
    RESET                                    0x00000000   Section      192  startup_mkl25z4.o(RESET)
    !!!main                                  0x000000c0   Section        8  __main.o(!!!main)
    !!!scatter                               0x000000c8   Section       84  __scatter.o(!!!scatter)
    !!handler_copy                           0x0000011c   Section       26  __scatter_copy.o(!!handler_copy)
    !!handler_null                           0x00000138   Section        2  __scatter.o(!!handler_null)
    !!handler_zi                             0x0000013c   Section       28  __scatter_zi.o(!!handler_zi)
    .ARM.Collect$$libinit$$00000000          0x00000158   Section        2  libinit.o(.ARM.Collect$$libinit$$00000000)
    .ARM.Collect$$libinit$$00000002          0x0000015a   Section        0  libinit2.o(.ARM.Collect$$libinit$$00000002)
    .ARM.Collect$$libinit$$00000004          0x0000015a   Section        0  libinit2.o(.ARM.Collect$$libinit$$00000004)
    .ARM.Collect$$libinit$$00000006          0x0000015a   Section        0  libinit2.o(.ARM.Collect$$libinit$$00000006)
    .ARM.Collect$$libinit$$0000000C          0x0000015a   Section        0  libinit2.o(.ARM.Collect$$libinit$$0000000C)
    .ARM.Collect$$libinit$$0000000E          0x0000015a   Section        0  libinit2.o(.ARM.Collect$$libinit$$0000000E)
    .ARM.Collect$$libinit$$00000010          0x0000015a   Section        0  libinit2.o(.ARM.Collect$$libinit$$00000010)
    .ARM.Collect$$libinit$$00000013          0x0000015a   Section        0  libinit2.o(.ARM.Collect$$libinit$$00000013)
    .ARM.Collect$$libinit$$00000015          0x0000015a   Section        0  libinit2.o(.ARM.Collect$$libinit$$00000015)
    .ARM.Collect$$libinit$$00000017          0x0000015a   Section        0  libinit2.o(.ARM.Collect$$libinit$$00000017)
    .ARM.Collect$$libinit$$00000019          0x0000015a   Section        0  libinit2.o(.ARM.Collect$$libinit$$00000019)
    .ARM.Collect$$libinit$$0000001B          0x0000015a   Section        0  libinit2.o(.ARM.Collect$$libinit$$0000001B)
    .ARM.Collect$$libinit$$0000001D          0x0000015a   Section        0  libinit2.o(.ARM.Collect$$libinit$$0000001D)
    .ARM.Collect$$libinit$$0000001F          0x0000015a   Section        0  libinit2.o(.ARM.Collect$$libinit$$0000001F)
    .ARM.Collect$$libinit$$00000021          0x0000015a   Section        0  libinit2.o(.ARM.Collect$$libinit$$00000021)
    .ARM.Collect$$libinit$$00000023          0x0000015a   Section        0  libinit2.o(.ARM.Collect$$libinit$$00000023)
    .ARM.Collect$$libinit$$00000025          0x0000015a   Section        0  libinit2.o(.ARM.Collect$$libinit$$00000025)
    .ARM.Collect$$libinit$$00000027          0x0000015a   Section        0  libinit2.o(.ARM.Collect$$libinit$$00000027)
    .ARM.Collect$$libinit$$0000002E          0x0000015a   Section        0  libinit2.o(.ARM.Collect$$libinit$$0000002E)
    .ARM.Collect$$libinit$$00000030          0x0000015a   Section        0  libinit2.o(.ARM.Collect$$libinit$$00000030)
    .ARM.Collect$$libinit$$00000032          0x0000015a   Section        0  libinit2.o(.ARM.Collect$$libinit$$00000032)
    .ARM.Collect$$libinit$$00000034          0x0000015a   Section        0  libinit2.o(.ARM.Collect$$libinit$$00000034)
    .ARM.Collect$$libinit$$00000035          0x0000015a   Section        2  libinit2.o(.ARM.Collect$$libinit$$00000035)
    .ARM.Collect$$libshutdown$$00000000      0x0000015c   Section        2  libshutdown.o(.ARM.Collect$$libshutdown$$00000000)
    .ARM.Collect$$libshutdown$$00000002      0x0000015e   Section        0  libshutdown2.o(.ARM.Collect$$libshutdown$$00000002)
    .ARM.Collect$$libshutdown$$00000004      0x0000015e   Section        0  libshutdown2.o(.ARM.Collect$$libshutdown$$00000004)
    .ARM.Collect$$libshutdown$$00000007      0x0000015e   Section        0  libshutdown2.o(.ARM.Collect$$libshutdown$$00000007)
    .ARM.Collect$$libshutdown$$0000000A      0x0000015e   Section        0  libshutdown2.o(.ARM.Collect$$libshutdown$$0000000A)
    .ARM.Collect$$libshutdown$$0000000C      0x0000015e   Section        0  libshutdown2.o(.ARM.Collect$$libshutdown$$0000000C)
    .ARM.Collect$$libshutdown$$0000000F      0x0000015e   Section        0  libshutdown2.o(.ARM.Collect$$libshutdown$$0000000F)
    .ARM.Collect$$libshutdown$$00000010      0x0000015e   Section        2  libshutdown2.o(.ARM.Collect$$libshutdown$$00000010)
    .ARM.Collect$$rtentry$$00000000          0x00000160   Section        0  __rtentry.o(.ARM.Collect$$rtentry$$00000000)
    .ARM.Collect$$rtentry$$00000002          0x00000160   Section        0  __rtentry2.o(.ARM.Collect$$rtentry$$00000002)
    .ARM.Collect$$rtentry$$00000004          0x00000160   Section        6  __rtentry4.o(.ARM.Collect$$rtentry$$00000004)
    .ARM.Collect$$rtentry$$00000009          0x00000166   Section        0  __rtentry2.o(.ARM.Collect$$rtentry$$00000009)
    .ARM.Collect$$rtentry$$0000000A          0x00000166   Section        4  __rtentry2.o(.ARM.Collect$$rtentry$$0000000A)
    .ARM.Collect$$rtentry$$0000000C          0x0000016a   Section        0  __rtentry2.o(.ARM.Collect$$rtentry$$0000000C)
    .ARM.Collect$$rtentry$$0000000D          0x0000016a   Section        8  __rtentry2.o(.ARM.Collect$$rtentry$$0000000D)
    .ARM.Collect$$rtexit$$00000000           0x00000172   Section        2  rtexit.o(.ARM.Collect$$rtexit$$00000000)
    .ARM.Collect$$rtexit$$00000002           0x00000174   Section        0  rtexit2.o(.ARM.Collect$$rtexit$$00000002)
    .ARM.Collect$$rtexit$$00000003           0x00000174   Section        4  rtexit2.o(.ARM.Collect$$rtexit$$00000003)
    .ARM.Collect$$rtexit$$00000004           0x00000178   Section        6  rtexit2.o(.ARM.Collect$$rtexit$$00000004)
    .text                                    0x00000180   Section       64  startup_mkl25z4.o(.text)
    .text                                    0x000001c0   Section        0  strlen.o(.text)
    .text                                    0x00000204   Section      364  aeabi_sdiv.o(.text)
    .text                                    0x00000370   Section        0  heapauxi.o(.text)
    .text                                    0x00000376   Section       62  sys_stackheap_outer.o(.text)
    .text                                    0x000003b4   Section        0  exit.o(.text)
    .text                                    0x000003c4   Section        8  libspace.o(.text)
    .text                                    0x000003cc   Section        0  sys_exit.o(.text)
    .text                                    0x000003d8   Section        2  use_no_semi.o(.text)
    [Anonymous Symbol]                       0x000003da   Section        0  main.o(.text.LCD_clear)
    .text                                    0x000003da   Section        0  indicate_semi.o(.text)
    [Anonymous Symbol]                       0x000003e4   Section        0  main.o(.text.LCD_home)
    [Anonymous Symbol]                       0x000003f0   Section        0  system_mkl25z4.o(.text.SystemInit)
    __arm_cp.0_0                             0x000003f8   Number         4  system_mkl25z4.o(.text.SystemInit)
    .ARM.__at_0x400                          0x00000400   Section       16  startup_mkl25z4.o(.ARM.__at_0x400)
    [Anonymous Symbol]                       0x00000410   Section        0  main.o(.text.LCD_create_char)
    [Anonymous Symbol]                       0x0000045c   Section        0  main.o(.text.LCD_init)
    __arm_cp.8_0                             0x00000504   Number         4  main.o(.text.LCD_init)
    __arm_cp.8_1                             0x00000508   Number         4  main.o(.text.LCD_init)
    __arm_cp.8_2                             0x0000050c   Number         4  main.o(.text.LCD_init)
    __arm_cp.8_3                             0x00000510   Number         4  main.o(.text.LCD_init)
    __arm_cp.8_4                             0x00000514   Number         4  main.o(.text.LCD_init)
    __arm_cp.8_5                             0x00000518   Number         4  main.o(.text.LCD_init)
    __arm_cp.8_6                             0x0000051c   Number         4  main.o(.text.LCD_init)
    __arm_cp.8_7                             0x00000520   Number         4  main.o(.text.LCD_init)
    __arm_cp.8_8                             0x00000524   Number         4  main.o(.text.LCD_init)
    __arm_cp.8_10                            0x00000528   Number         4  main.o(.text.LCD_init)
    [Anonymous Symbol]                       0x0000052c   Section        0  main.o(.text.LCD_pulse_enable)
    [Anonymous Symbol]                       0x00000554   Section        0  main.o(.text.LCD_send_command)
    [Anonymous Symbol]                       0x000005a0   Section        0  main.o(.text.LCD_send_data)
    [Anonymous Symbol]                       0x000005d4   Section        0  main.o(.text.LCD_send_string)
    [Anonymous Symbol]                       0x00000620   Section        0  main.o(.text.LCD_set_cursor)
    [Anonymous Symbol]                       0x00000658   Section        0  main.o(.text.LCD_write_nibble)
    [Anonymous Symbol]                       0x00000678   Section        0  main.o(.text.LED_init)
    __arm_cp.16_0                            0x00000698   Number         4  main.o(.text.LED_init)
    __arm_cp.16_1                            0x0000069c   Number         4  main.o(.text.LED_init)
    [Anonymous Symbol]                       0x000006a0   Section        0  main.o(.text.PWM_init)
    __arm_cp.15_0                            0x000006e8   Number         4  main.o(.text.PWM_init)
    __arm_cp.15_1                            0x000006ec   Number         4  main.o(.text.PWM_init)
    __arm_cp.15_2                            0x000006f0   Number         4  main.o(.text.PWM_init)
    __arm_cp.15_3                            0x000006f4   Number         4  main.o(.text.PWM_init)
    __arm_cp.15_4                            0x000006f8   Number         4  main.o(.text.PWM_init)
    __arm_cp.15_5                            0x000006fc   Number         4  main.o(.text.PWM_init)
    __arm_cp.15_7                            0x00000700   Number         4  main.o(.text.PWM_init)
    __arm_cp.15_8                            0x00000704   Number         4  main.o(.text.PWM_init)
    [Anonymous Symbol]                       0x00000708   Section        0  main.o(.text.delay)
    [Anonymous Symbol]                       0x00000720   Section        0  main.o(.text.delay_ms)
    __arm_cp.1_0                             0x0000075c   Number         4  main.o(.text.delay_ms)
    [Anonymous Symbol]                       0x00000760   Section        0  main.o(.text.green_led)
    __arm_cp.19_0                            0x00000784   Number         4  main.o(.text.green_led)
    __arm_cp.19_1                            0x00000788   Number         4  main.o(.text.green_led)
    [Anonymous Symbol]                       0x0000078c   Section        0  main.o(.text.main)
    __arm_cp.20_0                            0x000008f0   Number         4  main.o(.text.main)
    __arm_cp.20_1                            0x000008f4   Number         4  main.o(.text.main)
    __arm_cp.20_2                            0x000008f8   Number         4  main.o(.text.main)
    __arm_cp.20_3                            0x000008fc   Number         4  main.o(.text.main)
    __arm_cp.20_4                            0x00000900   Number         4  main.o(.text.main)
    __arm_cp.20_5                            0x00000904   Number         4  main.o(.text.main)
    [Anonymous Symbol]                       0x00000908   Section        0  main.o(.text.red_led)
    __arm_cp.17_1                            0x00000928   Number         4  main.o(.text.red_led)
    [Anonymous Symbol]                       0x0000092c   Section        0  main.o(.text.yellow_led)
    __arm_cp.18_0                            0x0000094c   Number         4  main.o(.text.yellow_led)
    __arm_cp.18_1                            0x00000950   Number         4  main.o(.text.yellow_led)
    [Anonymous Symbol]                       0x00000954   Section        0  main.o(.rodata.str1.1)
    .bss                                     0x1ffff050   Section       96  libspace.o(.bss)
    Heap_Mem                                 0x1ffff0b0   Data           0  startup_mkl25z4.o(HEAP)
    Stack_Mem                                0x1ffff0b0   Data         256  startup_mkl25z4.o(STACK)
    HEAP                                     0x1ffff0b0   Section        0  startup_mkl25z4.o(HEAP)
    STACK                                    0x1ffff0b0   Section      256  startup_mkl25z4.o(STACK)
    __initial_sp                             0x1ffff1b0   Data           0  startup_mkl25z4.o(STACK)

    Global Symbols

    Symbol Name                              Value     Ov Type        Size  Object(Section)

    BuildAttributes$$THM_ISAv3M$S$PE$A:L22$X:L11$S22$IEEE1$IW$~IW$USESV6$~STKCKD$USESV7$~SHL$OSPACE$ROPI$EBA8$UX$STANDARDLIB$REQ8$PRES8$EABIv2 0x00000000   Number         0  anon$$obj.o ABSOLUTE
    __Vectors                                0x00000000   Data           4  startup_mkl25z4.o(RESET)
    __ARM_exceptions_init                     - Undefined Weak Reference
    __alloca_initialize                       - Undefined Weak Reference
    __arm_preinit_                            - Undefined Weak Reference
    __arm_relocate_pie_                       - Undefined Weak Reference
    __cpp_initialize__aeabi_                  - Undefined Weak Reference
    __cxa_finalize                            - Undefined Weak Reference
    __rt_locale                               - Undefined Weak Reference
    __sigvec_lookup                           - Undefined Weak Reference
    _atexit_init                              - Undefined Weak Reference
    _call_atexit_fns                          - Undefined Weak Reference
    _clock_init                               - Undefined Weak Reference
    _fp_trap_init                             - Undefined Weak Reference
    _fp_trap_shutdown                         - Undefined Weak Reference
    _get_lc_collate                           - Undefined Weak Reference
    _get_lc_ctype                             - Undefined Weak Reference
    _get_lc_monetary                          - Undefined Weak Reference
    _get_lc_numeric                           - Undefined Weak Reference
    _get_lc_time                              - Undefined Weak Reference
    _getenv_init                              - Undefined Weak Reference
    _handle_redirection                       - Undefined Weak Reference
    _init_alloc                               - Undefined Weak Reference
    _init_user_alloc                          - Undefined Weak Reference
    _initio                                   - Undefined Weak Reference
    _rand_init                                - Undefined Weak Reference
    _signal_finish                            - Undefined Weak Reference
    _signal_init                              - Undefined Weak Reference
    _terminate_alloc                          - Undefined Weak Reference
    _terminate_user_alloc                     - Undefined Weak Reference
    _terminateio                              - Undefined Weak Reference
    __Vectors_End                            0x000000c0   Data           0  startup_mkl25z4.o(RESET)
    __Vectors_Size                           0x000000c0   Number         0  startup_mkl25z4.o ABSOLUTE
    __main                                   0x000000c1   Thumb Code     8  __main.o(!!!main)
    __scatterload                            0x000000c9   Thumb Code     0  __scatter.o(!!!scatter)
    __scatterload_rt2                        0x000000c9   Thumb Code    74  __scatter.o(!!!scatter)
    __scatterload_rt2_thumb_only             0x000000c9   Thumb Code     0  __scatter.o(!!!scatter)
    __scatterload_loop                       0x000000d3   Thumb Code     0  __scatter.o(!!!scatter)
    __scatterload_copy                       0x0000011d   Thumb Code    26  __scatter_copy.o(!!handler_copy)
    __scatterload_null                       0x00000139   Thumb Code     2  __scatter.o(!!handler_null)
    __scatterload_zeroinit                   0x0000013d   Thumb Code    28  __scatter_zi.o(!!handler_zi)
    __rt_lib_init                            0x00000159   Thumb Code     0  libinit.o(.ARM.Collect$$libinit$$00000000)
    __rt_lib_init_alloca_1                   0x0000015b   Thumb Code     0  libinit2.o(.ARM.Collect$$libinit$$00000030)
    __rt_lib_init_argv_1                     0x0000015b   Thumb Code     0  libinit2.o(.ARM.Collect$$libinit$$0000002E)
    __rt_lib_init_atexit_1                   0x0000015b   Thumb Code     0  libinit2.o(.ARM.Collect$$libinit$$0000001D)
    __rt_lib_init_clock_1                    0x0000015b   Thumb Code     0  libinit2.o(.ARM.Collect$$libinit$$00000023)
    __rt_lib_init_cpp_1                      0x0000015b   Thumb Code     0  libinit2.o(.ARM.Collect$$libinit$$00000034)
    __rt_lib_init_exceptions_1               0x0000015b   Thumb Code     0  libinit2.o(.ARM.Collect$$libinit$$00000032)
    __rt_lib_init_fp_1                       0x0000015b   Thumb Code     0  libinit2.o(.ARM.Collect$$libinit$$00000002)
    __rt_lib_init_fp_trap_1                  0x0000015b   Thumb Code     0  libinit2.o(.ARM.Collect$$libinit$$00000021)
    __rt_lib_init_getenv_1                   0x0000015b   Thumb Code     0  libinit2.o(.ARM.Collect$$libinit$$00000025)
    __rt_lib_init_heap_1                     0x0000015b   Thumb Code     0  libinit2.o(.ARM.Collect$$libinit$$0000000C)
    __rt_lib_init_lc_collate_1               0x0000015b   Thumb Code     0  libinit2.o(.ARM.Collect$$libinit$$00000013)
    __rt_lib_init_lc_ctype_1                 0x0000015b   Thumb Code     0  libinit2.o(.ARM.Collect$$libinit$$00000015)
    __rt_lib_init_lc_monetary_1              0x0000015b   Thumb Code     0  libinit2.o(.ARM.Collect$$libinit$$00000017)
    __rt_lib_init_lc_numeric_1               0x0000015b   Thumb Code     0  libinit2.o(.ARM.Collect$$libinit$$00000019)
    __rt_lib_init_lc_time_1                  0x0000015b   Thumb Code     0  libinit2.o(.ARM.Collect$$libinit$$0000001B)
    __rt_lib_init_preinit_1                  0x0000015b   Thumb Code     0  libinit2.o(.ARM.Collect$$libinit$$00000006)
    __rt_lib_init_rand_1                     0x0000015b   Thumb Code     0  libinit2.o(.ARM.Collect$$libinit$$00000010)
    __rt_lib_init_relocate_pie_1             0x0000015b   Thumb Code     0  libinit2.o(.ARM.Collect$$libinit$$00000004)
    __rt_lib_init_return                     0x0000015b   Thumb Code     0  libinit2.o(.ARM.Collect$$libinit$$00000035)
    __rt_lib_init_signal_1                   0x0000015b   Thumb Code     0  libinit2.o(.ARM.Collect$$libinit$$0000001F)
    __rt_lib_init_stdio_1                    0x0000015b   Thumb Code     0  libinit2.o(.ARM.Collect$$libinit$$00000027)
    __rt_lib_init_user_alloc_1               0x0000015b   Thumb Code     0  libinit2.o(.ARM.Collect$$libinit$$0000000E)
    __rt_lib_shutdown                        0x0000015d   Thumb Code     0  libshutdown.o(.ARM.Collect$$libshutdown$$00000000)
    __rt_lib_shutdown_cpp_1                  0x0000015f   Thumb Code     0  libshutdown2.o(.ARM.Collect$$libshutdown$$00000002)
    __rt_lib_shutdown_fp_trap_1              0x0000015f   Thumb Code     0  libshutdown2.o(.ARM.Collect$$libshutdown$$00000007)
    __rt_lib_shutdown_heap_1                 0x0000015f   Thumb Code     0  libshutdown2.o(.ARM.Collect$$libshutdown$$0000000F)
    __rt_lib_shutdown_return                 0x0000015f   Thumb Code     0  libshutdown2.o(.ARM.Collect$$libshutdown$$00000010)
    __rt_lib_shutdown_signal_1               0x0000015f   Thumb Code     0  libshutdown2.o(.ARM.Collect$$libshutdown$$0000000A)
    __rt_lib_shutdown_stdio_1                0x0000015f   Thumb Code     0  libshutdown2.o(.ARM.Collect$$libshutdown$$00000004)
    __rt_lib_shutdown_user_alloc_1           0x0000015f   Thumb Code     0  libshutdown2.o(.ARM.Collect$$libshutdown$$0000000C)
    __rt_entry                               0x00000161   Thumb Code     0  __rtentry.o(.ARM.Collect$$rtentry$$00000000)
    __rt_entry_presh_1                       0x00000161   Thumb Code     0  __rtentry2.o(.ARM.Collect$$rtentry$$00000002)
    __rt_entry_sh                            0x00000161   Thumb Code     0  __rtentry4.o(.ARM.Collect$$rtentry$$00000004)
    __rt_entry_li                            0x00000167   Thumb Code     0  __rtentry2.o(.ARM.Collect$$rtentry$$0000000A)
    __rt_entry_postsh_1                      0x00000167   Thumb Code     0  __rtentry2.o(.ARM.Collect$$rtentry$$00000009)
    __rt_entry_main                          0x0000016b   Thumb Code     0  __rtentry2.o(.ARM.Collect$$rtentry$$0000000D)
    __rt_entry_postli_1                      0x0000016b   Thumb Code     0  __rtentry2.o(.ARM.Collect$$rtentry$$0000000C)
    __rt_exit                                0x00000173   Thumb Code     0  rtexit.o(.ARM.Collect$$rtexit$$00000000)
    __rt_exit_ls                             0x00000175   Thumb Code     0  rtexit2.o(.ARM.Collect$$rtexit$$00000003)
    __rt_exit_prels_1                        0x00000175   Thumb Code     0  rtexit2.o(.ARM.Collect$$rtexit$$00000002)
    __rt_exit_exit                           0x00000179   Thumb Code     0  rtexit2.o(.ARM.Collect$$rtexit$$00000004)
    Reset_Handler                            0x00000181   Thumb Code    12  startup_mkl25z4.o(.text)
    NMI_Handler                              0x0000018d   Thumb Code     2  startup_mkl25z4.o(.text)
    HardFault_Handler                        0x0000018f   Thumb Code     2  startup_mkl25z4.o(.text)
    SVC_Handler                              0x00000191   Thumb Code     2  startup_mkl25z4.o(.text)
    PendSV_Handler                           0x00000193   Thumb Code     2  startup_mkl25z4.o(.text)
    SysTick_Handler                          0x00000195   Thumb Code     2  startup_mkl25z4.o(.text)
    ADC0_IRQHandler                          0x00000197   Thumb Code     0  startup_mkl25z4.o(.text)
    CMP0_IRQHandler                          0x00000197   Thumb Code     0  startup_mkl25z4.o(.text)
    DAC0_IRQHandler                          0x00000197   Thumb Code     0  startup_mkl25z4.o(.text)
    DMA0_IRQHandler                          0x00000197   Thumb Code     0  startup_mkl25z4.o(.text)
    DMA1_IRQHandler                          0x00000197   Thumb Code     0  startup_mkl25z4.o(.text)
    DMA2_IRQHandler                          0x00000197   Thumb Code     0  startup_mkl25z4.o(.text)
    DMA3_IRQHandler                          0x00000197   Thumb Code     0  startup_mkl25z4.o(.text)
    DefaultISR                               0x00000197   Thumb Code     0  startup_mkl25z4.o(.text)
    FTFA_IRQHandler                          0x00000197   Thumb Code     0  startup_mkl25z4.o(.text)
    I2C0_IRQHandler                          0x00000197   Thumb Code     0  startup_mkl25z4.o(.text)
    I2C1_IRQHandler                          0x00000197   Thumb Code     0  startup_mkl25z4.o(.text)
    LLWU_IRQHandler                          0x00000197   Thumb Code     0  startup_mkl25z4.o(.text)
    LPTMR0_IRQHandler                        0x00000197   Thumb Code     0  startup_mkl25z4.o(.text)
    LVD_LVW_IRQHandler                       0x00000197   Thumb Code     0  startup_mkl25z4.o(.text)
    MCG_IRQHandler                           0x00000197   Thumb Code     0  startup_mkl25z4.o(.text)
    PIT_IRQHandler                           0x00000197   Thumb Code     0  startup_mkl25z4.o(.text)
    PORTA_IRQHandler                         0x00000197   Thumb Code     0  startup_mkl25z4.o(.text)
    PORTD_IRQHandler                         0x00000197   Thumb Code     0  startup_mkl25z4.o(.text)
    RTC_IRQHandler                           0x00000197   Thumb Code     0  startup_mkl25z4.o(.text)
    RTC_Seconds_IRQHandler                   0x00000197   Thumb Code     0  startup_mkl25z4.o(.text)
    Reserved20_IRQHandler                    0x00000197   Thumb Code     0  startup_mkl25z4.o(.text)
    Reserved39_IRQHandler                    0x00000197   Thumb Code     0  startup_mkl25z4.o(.text)
    Reserved45_IRQHandler                    0x00000197   Thumb Code     0  startup_mkl25z4.o(.text)
    SPI0_IRQHandler                          0x00000197   Thumb Code     0  startup_mkl25z4.o(.text)
    SPI1_IRQHandler                          0x00000197   Thumb Code     0  startup_mkl25z4.o(.text)
    TPM0_IRQHandler                          0x00000197   Thumb Code     0  startup_mkl25z4.o(.text)
    TPM1_IRQHandler                          0x00000197   Thumb Code     0  startup_mkl25z4.o(.text)
    TPM2_IRQHandler                          0x00000197   Thumb Code     0  startup_mkl25z4.o(.text)
    TSI0_IRQHandler                          0x00000197   Thumb Code     0  startup_mkl25z4.o(.text)
    UART0_IRQHandler                         0x00000197   Thumb Code     0  startup_mkl25z4.o(.text)
    UART1_IRQHandler                         0x00000197   Thumb Code     0  startup_mkl25z4.o(.text)
    UART2_IRQHandler                         0x00000197   Thumb Code     0  startup_mkl25z4.o(.text)
    USB0_IRQHandler                          0x00000197   Thumb Code     0  startup_mkl25z4.o(.text)
    __user_initial_stackheap                 0x0000019d   Thumb Code     0  startup_mkl25z4.o(.text)
    strlen                                   0x000001c1   Thumb Code    62  strlen.o(.text)
    __aeabi_uidiv                            0x00000205   Thumb Code     0  aeabi_sdiv.o(.text)
    __aeabi_uidivmod                         0x00000205   Thumb Code    20  aeabi_sdiv.o(.text)
    __aeabi_idiv                             0x00000219   Thumb Code     0  aeabi_sdiv.o(.text)
    __aeabi_idivmod                          0x00000219   Thumb Code   338  aeabi_sdiv.o(.text)
    __use_two_region_memory                  0x00000371   Thumb Code     2  heapauxi.o(.text)
    __rt_heap_escrow$2region                 0x00000373   Thumb Code     2  heapauxi.o(.text)
    __rt_heap_expand$2region                 0x00000375   Thumb Code     2  heapauxi.o(.text)
    __user_setup_stackheap                   0x00000377   Thumb Code    62  sys_stackheap_outer.o(.text)
    exit                                     0x000003b5   Thumb Code    16  exit.o(.text)
    __user_libspace                          0x000003c5   Thumb Code     8  libspace.o(.text)
    __user_perproc_libspace                  0x000003c5   Thumb Code     0  libspace.o(.text)
    __user_perthread_libspace                0x000003c5   Thumb Code     0  libspace.o(.text)
    _sys_exit                                0x000003cd   Thumb Code     8  sys_exit.o(.text)
    __I$use$semihosting                      0x000003d9   Thumb Code     0  use_no_semi.o(.text)
    __use_no_semihosting_swi                 0x000003d9   Thumb Code     2  use_no_semi.o(.text)
    LCD_clear                                0x000003db   Thumb Code    10  main.o(.text.LCD_clear)
    __semihosting_library_function           0x000003db   Thumb Code     0  indicate_semi.o(.text)
    LCD_home                                 0x000003e5   Thumb Code    10  main.o(.text.LCD_home)
    SystemInit                               0x000003f1   Thumb Code     8  system_mkl25z4.o(.text.SystemInit)
    LCD_create_char                          0x00000411   Thumb Code    76  main.o(.text.LCD_create_char)
    LCD_init                                 0x0000045d   Thumb Code   168  main.o(.text.LCD_init)
    LCD_pulse_enable                         0x0000052d   Thumb Code    40  main.o(.text.LCD_pulse_enable)
    LCD_send_command                         0x00000555   Thumb Code    76  main.o(.text.LCD_send_command)
    LCD_send_data                            0x000005a1   Thumb Code    52  main.o(.text.LCD_send_data)
    LCD_send_string                          0x000005d5   Thumb Code    76  main.o(.text.LCD_send_string)
    LCD_set_cursor                           0x00000621   Thumb Code    54  main.o(.text.LCD_set_cursor)
    LCD_write_nibble                         0x00000659   Thumb Code    32  main.o(.text.LCD_write_nibble)
    LED_init                                 0x00000679   Thumb Code    32  main.o(.text.LED_init)
    PWM_init                                 0x000006a1   Thumb Code    72  main.o(.text.PWM_init)
    delay                                    0x00000709   Thumb Code    24  main.o(.text.delay)
    delay_ms                                 0x00000721   Thumb Code    60  main.o(.text.delay_ms)
    green_led                                0x00000761   Thumb Code    36  main.o(.text.green_led)
    main                                     0x0000078d   Thumb Code   356  main.o(.text.main)
    red_led                                  0x00000909   Thumb Code    32  main.o(.text.red_led)
    yellow_led                               0x0000092d   Thumb Code    32  main.o(.text.yellow_led)
    Region$$Table$$Base                      0x00000968   Number         0  anon$$obj.o(Region$$Table)
    Region$$Table$$Limit                     0x00000988   Number         0  anon$$obj.o(Region$$Table)
    LEFT_ARROW                               0x1ffff000   Data           8  main.o(.data.LEFT_ARROW)
    RIGHT_ARROW                              0x1ffff008   Data           8  main.o(.data.RIGHT_ARROW)
    STARTUP_LOGO                             0x1ffff010   Data          64  main.o(.data.STARTUP_LOGO)
    __libspace_start                         0x1ffff050   Data          96  libspace.o(.bss)
    __temporary_stack_top$libspace           0x1ffff0b0   Data           0  libspace.o(.bss)



==============================================================================

Memory Map of the image

  Image Entry point : 0x00000181

  Load Region LR_1 (Base: 0x00000000, Size: 0x000009d8, Max: 0xffffffff, ABSOLUTE)

    Execution Region ER_RO (Exec base: 0x00000000, Load base: 0x00000000, Size: 0x00000988, Max: 0xffffffff, ABSOLUTE)

    Exec Addr    Load Addr    Size         Type   Attr      Idx    E Section Name        Object

    0x00000000   0x00000000   0x000000c0   Data   RO           57    RESET               startup_mkl25z4.o
    0x000000c0   0x000000c0   0x00000008   Code   RO           89  * !!!main             c_p.l(__main.o)
    0x000000c8   0x000000c8   0x00000054   Code   RO          266    !!!scatter          c_p.l(__scatter.o)
    0x0000011c   0x0000011c   0x0000001a   Code   RO          270    !!handler_copy      c_p.l(__scatter_copy.o)
    0x00000136   0x00000136   0x00000002   PAD
    0x00000138   0x00000138   0x00000002   Code   RO          267    !!handler_null      c_p.l(__scatter.o)
    0x0000013a   0x0000013a   0x00000002   PAD
    0x0000013c   0x0000013c   0x0000001c   Code   RO          272    !!handler_zi        c_p.l(__scatter_zi.o)
    0x00000158   0x00000158   0x00000002   Code   RO          127    .ARM.Collect$$libinit$$00000000  c_p.l(libinit.o)
    0x0000015a   0x0000015a   0x00000000   Code   RO          141    .ARM.Collect$$libinit$$00000002  c_p.l(libinit2.o)
    0x0000015a   0x0000015a   0x00000000   Code   RO          143    .ARM.Collect$$libinit$$00000004  c_p.l(libinit2.o)
    0x0000015a   0x0000015a   0x00000000   Code   RO          145    .ARM.Collect$$libinit$$00000006  c_p.l(libinit2.o)
    0x0000015a   0x0000015a   0x00000000   Code   RO          148    .ARM.Collect$$libinit$$0000000C  c_p.l(libinit2.o)
    0x0000015a   0x0000015a   0x00000000   Code   RO          150    .ARM.Collect$$libinit$$0000000E  c_p.l(libinit2.o)
    0x0000015a   0x0000015a   0x00000000   Code   RO          152    .ARM.Collect$$libinit$$00000010  c_p.l(libinit2.o)
    0x0000015a   0x0000015a   0x00000000   Code   RO          155    .ARM.Collect$$libinit$$00000013  c_p.l(libinit2.o)
    0x0000015a   0x0000015a   0x00000000   Code   RO          157    .ARM.Collect$$libinit$$00000015  c_p.l(libinit2.o)
    0x0000015a   0x0000015a   0x00000000   Code   RO          159    .ARM.Collect$$libinit$$00000017  c_p.l(libinit2.o)
    0x0000015a   0x0000015a   0x00000000   Code   RO          161    .ARM.Collect$$libinit$$00000019  c_p.l(libinit2.o)
    0x0000015a   0x0000015a   0x00000000   Code   RO          163    .ARM.Collect$$libinit$$0000001B  c_p.l(libinit2.o)
    0x0000015a   0x0000015a   0x00000000   Code   RO          165    .ARM.Collect$$libinit$$0000001D  c_p.l(libinit2.o)
    0x0000015a   0x0000015a   0x00000000   Code   RO          167    .ARM.Collect$$libinit$$0000001F  c_p.l(libinit2.o)
    0x0000015a   0x0000015a   0x00000000   Code   RO          169    .ARM.Collect$$libinit$$00000021  c_p.l(libinit2.o)
    0x0000015a   0x0000015a   0x00000000   Code   RO          171    .ARM.Collect$$libinit$$00000023  c_p.l(libinit2.o)
    0x0000015a   0x0000015a   0x00000000   Code   RO          173    .ARM.Collect$$libinit$$00000025  c_p.l(libinit2.o)
    0x0000015a   0x0000015a   0x00000000   Code   RO          175    .ARM.Collect$$libinit$$00000027  c_p.l(libinit2.o)
    0x0000015a   0x0000015a   0x00000000   Code   RO          179    .ARM.Collect$$libinit$$0000002E  c_p.l(libinit2.o)
    0x0000015a   0x0000015a   0x00000000   Code   RO          181    .ARM.Collect$$libinit$$00000030  c_p.l(libinit2.o)
    0x0000015a   0x0000015a   0x00000000   Code   RO          183    .ARM.Collect$$libinit$$00000032  c_p.l(libinit2.o)
    0x0000015a   0x0000015a   0x00000000   Code   RO          185    .ARM.Collect$$libinit$$00000034  c_p.l(libinit2.o)
    0x0000015a   0x0000015a   0x00000002   Code   RO          186    .ARM.Collect$$libinit$$00000035  c_p.l(libinit2.o)
    0x0000015c   0x0000015c   0x00000002   Code   RO          221    .ARM.Collect$$libshutdown$$00000000  c_p.l(libshutdown.o)
    0x0000015e   0x0000015e   0x00000000   Code   RO          249    .ARM.Collect$$libshutdown$$00000002  c_p.l(libshutdown2.o)
    0x0000015e   0x0000015e   0x00000000   Code   RO          251    .ARM.Collect$$libshutdown$$00000004  c_p.l(libshutdown2.o)
    0x0000015e   0x0000015e   0x00000000   Code   RO          254    .ARM.Collect$$libshutdown$$00000007  c_p.l(libshutdown2.o)
    0x0000015e   0x0000015e   0x00000000   Code   RO          257    .ARM.Collect$$libshutdown$$0000000A  c_p.l(libshutdown2.o)
    0x0000015e   0x0000015e   0x00000000   Code   RO          259    .ARM.Collect$$libshutdown$$0000000C  c_p.l(libshutdown2.o)
    0x0000015e   0x0000015e   0x00000000   Code   RO          262    .ARM.Collect$$libshutdown$$0000000F  c_p.l(libshutdown2.o)
    0x0000015e   0x0000015e   0x00000002   Code   RO          263    .ARM.Collect$$libshutdown$$00000010  c_p.l(libshutdown2.o)
    0x00000160   0x00000160   0x00000000   Code   RO           91    .ARM.Collect$$rtentry$$00000000  c_p.l(__rtentry.o)
    0x00000160   0x00000160   0x00000000   Code   RO           97    .ARM.Collect$$rtentry$$00000002  c_p.l(__rtentry2.o)
    0x00000160   0x00000160   0x00000006   Code   RO          109    .ARM.Collect$$rtentry$$00000004  c_p.l(__rtentry4.o)
    0x00000166   0x00000166   0x00000000   Code   RO           99    .ARM.Collect$$rtentry$$00000009  c_p.l(__rtentry2.o)
    0x00000166   0x00000166   0x00000004   Code   RO          100    .ARM.Collect$$rtentry$$0000000A  c_p.l(__rtentry2.o)
    0x0000016a   0x0000016a   0x00000000   Code   RO          102    .ARM.Collect$$rtentry$$0000000C  c_p.l(__rtentry2.o)
    0x0000016a   0x0000016a   0x00000008   Code   RO          103    .ARM.Collect$$rtentry$$0000000D  c_p.l(__rtentry2.o)
    0x00000172   0x00000172   0x00000002   Code   RO          132    .ARM.Collect$$rtexit$$00000000  c_p.l(rtexit.o)
    0x00000174   0x00000174   0x00000000   Code   RO          192    .ARM.Collect$$rtexit$$00000002  c_p.l(rtexit2.o)
    0x00000174   0x00000174   0x00000004   Code   RO          193    .ARM.Collect$$rtexit$$00000003  c_p.l(rtexit2.o)
    0x00000178   0x00000178   0x00000006   Code   RO          194    .ARM.Collect$$rtexit$$00000004  c_p.l(rtexit2.o)
    0x0000017e   0x0000017e   0x00000002   PAD
    0x00000180   0x00000180   0x00000040   Code   RO           59  * .text               startup_mkl25z4.o
    0x000001c0   0x000001c0   0x00000044   Code   RO           81    .text               c_p.l(strlen.o)
    0x00000204   0x00000204   0x0000016c   Code   RO           83    .text               c_p.l(aeabi_sdiv.o)
    0x00000370   0x00000370   0x00000006   Code   RO           87    .text               c_p.l(heapauxi.o)
    0x00000376   0x00000376   0x0000003e   Code   RO          113    .text               c_p.l(sys_stackheap_outer.o)
    0x000003b4   0x000003b4   0x00000010   Code   RO          116    .text               c_p.l(exit.o)
    0x000003c4   0x000003c4   0x00000008   Code   RO          128    .text               c_p.l(libspace.o)
    0x000003cc   0x000003cc   0x0000000c   Code   RO          187    .text               c_p.l(sys_exit.o)
    0x000003d8   0x000003d8   0x00000002   Code   RO          210    .text               c_p.l(use_no_semi.o)
    0x000003da   0x000003da   0x00000000   Code   RO          212    .text               c_p.l(indicate_semi.o)
    0x000003da   0x000003da   0x0000000a   Code   RO           12    .text.LCD_clear     main.o
    0x000003e4   0x000003e4   0x0000000a   Code   RO           14    .text.LCD_home      main.o
    0x000003ee   0x000003ee   0x00000002   PAD
    0x000003f0   0x000003f0   0x0000000c   Code   RO           68    .text.SystemInit    system_mkl25z4.o
    0x000003fc   0x000003fc   0x00000004   PAD
    0x00000400   0x00000400   0x00000010   Code   RO           58    .ARM.__at_0x400     startup_mkl25z4.o
    0x00000410   0x00000410   0x0000004c   Code   RO           28    .text.LCD_create_char  main.o
    0x0000045c   0x0000045c   0x000000d0   Code   RO           18    .text.LCD_init      main.o
    0x0000052c   0x0000052c   0x00000028   Code   RO            6    .text.LCD_pulse_enable  main.o
    0x00000554   0x00000554   0x0000004c   Code   RO           10    .text.LCD_send_command  main.o
    0x000005a0   0x000005a0   0x00000034   Code   RO           16    .text.LCD_send_data  main.o
    0x000005d4   0x000005d4   0x0000004c   Code   RO           26    .text.LCD_send_string  main.o
    0x00000620   0x00000620   0x00000036   Code   RO           30    .text.LCD_set_cursor  main.o
    0x00000656   0x00000656   0x00000002   PAD
    0x00000658   0x00000658   0x00000020   Code   RO            8    .text.LCD_write_nibble  main.o
    0x00000678   0x00000678   0x00000028   Code   RO           34    .text.LED_init      main.o
    0x000006a0   0x000006a0   0x00000068   Code   RO           32    .text.PWM_init      main.o
    0x00000708   0x00000708   0x00000018   Code   RO            2    .text.delay         main.o
    0x00000720   0x00000720   0x00000040   Code   RO            4    .text.delay_ms      main.o
    0x00000760   0x00000760   0x0000002c   Code   RO           40    .text.green_led     main.o
    0x0000078c   0x0000078c   0x0000017c   Code   RO           42    .text.main          main.o
    0x00000908   0x00000908   0x00000024   Code   RO           36    .text.red_led       main.o
    0x0000092c   0x0000092c   0x00000028   Code   RO           38    .text.yellow_led    main.o
    0x00000954   0x00000954   0x00000011   Data   RO           47    .rodata.str1.1      main.o
    0x00000965   0x00000965   0x00000003   PAD
    0x00000968   0x00000968   0x00000020   Data   RO          265    Region$$Table       anon$$obj.o


    Execution Region ER_RW (Exec base: 0x1ffff000, Load base: 0x00000988, Size: 0x00000050, Max: 0xffffffff, ABSOLUTE)

    Exec Addr    Load Addr    Size         Type   Attr      Idx    E Section Name        Object

    0x1ffff000   0x00000988   0x00000008   Data   RW           45    .data.LEFT_ARROW    main.o
    0x1ffff008   0x00000990   0x00000008   Data   RW           46    .data.RIGHT_ARROW   main.o
    0x1ffff010   0x00000998   0x00000040   Data   RW           44    .data.STARTUP_LOGO  main.o


    Execution Region ER_ZI (Exec base: 0x1ffff050, Load base: 0x000009d8, Size: 0x00000160, Max: 0xffffffff, ABSOLUTE)

    Exec Addr    Load Addr    Size         Type   Attr      Idx    E Section Name        Object

    0x1ffff050        -       0x00000060   Zero   RW          129    .bss                c_p.l(libspace.o)
    0x1ffff0b0        -       0x00000000   Zero   RW           56    HEAP                startup_mkl25z4.o
    0x1ffff0b0        -       0x00000100   Zero   RW           55    STACK               startup_mkl25z4.o


==============================================================================

Image component sizes


      Code (inc. data)   RO Data    RW Data    ZI Data      Debug   Object Name

      1366        128         17         80          0       5713   main.o
        80         44        192          0        256        952   startup_mkl25z4.o
        12          4          0          0          0       2636   system_mkl25z4.o

    ----------------------------------------------------------------------
      1466        180        244         80        256       9301   Object Totals
         0          0         32          0          0          0   (incl. Generated)
         8          4          3          0          0          0   (incl. Padding)

    ----------------------------------------------------------------------

      Code (inc. data)   RO Data    RW Data    ZI Data      Debug   Library Member Name

         8          0          0          0          0         68   __main.o
         0          0          0          0          0          0   __rtentry.o
        12          0          0          0          0          0   __rtentry2.o
         6          0          0          0          0          0   __rtentry4.o
        86         10          0          0          0          0   __scatter.o
        26          0          0          0          0          0   __scatter_copy.o
        28          0          0          0          0          0   __scatter_zi.o
       364          4          0          0          0         92   aeabi_sdiv.o
        16          0          0          0          0         68   exit.o
         6          0          0          0          0        136   heapauxi.o
         0          0          0          0          0          0   indicate_semi.o
         2          0          0          0          0          0   libinit.o
         2          0          0          0          0          0   libinit2.o
         2          0          0          0          0          0   libshutdown.o
         2          0          0          0          0          0   libshutdown2.o
         8          4          0          0         96         68   libspace.o
         2          0          0          0          0          0   rtexit.o
        10          0          0          0          0          0   rtexit2.o
        68          6          0          0          0         72   strlen.o
        12          4          0          0          0         60   sys_exit.o
        62          0          0          0          0         80   sys_stackheap_outer.o
         2          0          0          0          0         68   use_no_semi.o

    ----------------------------------------------------------------------
       730         28          0          0         96        712   Library Totals
         6          0          0          0          0          0   (incl. Padding)

    ----------------------------------------------------------------------

      Code (inc. data)   RO Data    RW Data    ZI Data      Debug   Library Name

       724         28          0          0         96        712   c_p.l

    ----------------------------------------------------------------------
       730         28          0          0         96        712   Library Totals

    ----------------------------------------------------------------------

==============================================================================


      Code (inc. data)   RO Data    RW Data    ZI Data      Debug   

      2196        208        244         80        352       9873   Grand Totals
      2196        208        244         80        352       9873   ELF Image Totals
      2196        208        244         80          0          0   ROM Totals

==============================================================================

    Total RO  Size (Code + RO Data)                 2440 (   2.38kB)
    Total RW  Size (RW Data + ZI Data)               432 (   0.42kB)
    Total ROM Size (Code + RO Data + RW Data)       2520 (   2.46kB)

==============================================================================

