Component: Arm Compiler for Embedded 6.24 Tool: armlink [5f371500]

==============================================================================

Section Cross References

    main.o(.text.get_slide_frame) refers to strncpy.o(.text) for strncpy
    main.o(.text.get_slide_frame) refers to strcat.o(.text) for strcat
    main.o(.text.get_slide_frame) refers to main.o(.data.menu_options_text) for menu_options_text
    main.o(.ARM.exidx.text.get_slide_frame) refers to main.o(.text.get_slide_frame) for [Anonymous Symbol]
    main.o(.text.SysTick_Handler) refers to main.o(.data.t_unsafe) for t_unsafe
    main.o(.ARM.exidx.text.SysTick_Handler) refers to main.o(.text.SysTick_Handler) for [Anonymous Symbol]
    main.o(.text.get_safe_time) refers to main.o(.data.t_unsafe) for t_unsafe
    main.o(.ARM.exidx.text.get_safe_time) refers to main.o(.text.get_safe_time) for [Anonymous Symbol]
    main.o(.ARM.exidx.text.delay) refers to main.o(.text.delay) for [Anonymous Symbol]
    main.o(.ARM.exidx.text.delay_ms) refers to main.o(.text.delay_ms) for [Anonymous Symbol]
    main.o(.ARM.exidx.text.spi0_init) refers to main.o(.text.spi0_init) for [Anonymous Symbol]
    main.o(.ARM.exidx.text.spi0_write) refers to main.o(.text.spi0_write) for [Anonymous Symbol]
    main.o(.text.apa102_start_frame) refers to main.o(.text.spi0_write) for spi0_write
    main.o(.ARM.exidx.text.apa102_start_frame) refers to main.o(.text.apa102_start_frame) for [Anonymous Symbol]
    main.o(.text.apa102_end_frame) refers to main.o(.text.spi0_write) for spi0_write
    main.o(.ARM.exidx.text.apa102_end_frame) refers to main.o(.text.apa102_end_frame) for [Anonymous Symbol]
    main.o(.text.apa102_send_led) refers to main.o(.text.spi0_write) for spi0_write
    main.o(.ARM.exidx.text.apa102_send_led) refers to main.o(.text.apa102_send_led) for [Anonymous Symbol]
    main.o(.text.rgb_refresh) refers to main.o(.text.apa102_start_frame) for apa102_start_frame
    main.o(.text.rgb_refresh) refers to main.o(.text.apa102_send_led) for apa102_send_led
    main.o(.text.rgb_refresh) refers to main.o(.text.apa102_end_frame) for apa102_end_frame
    main.o(.text.rgb_refresh) refers to main.o(.bss.rgb_leds) for rgb_leds
    main.o(.text.rgb_refresh) refers to main.o(.data.rgb_brightness) for rgb_brightness
    main.o(.ARM.exidx.text.rgb_refresh) refers to main.o(.text.rgb_refresh) for [Anonymous Symbol]
    main.o(.text.rgb_set_led) refers to main.o(.bss.rgb_leds) for rgb_leds
    main.o(.ARM.exidx.text.rgb_set_led) refers to main.o(.text.rgb_set_led) for [Anonymous Symbol]
    main.o(.text.rgb_set_leds) refers to main.o(.bss.rgb_leds) for rgb_leds
    main.o(.ARM.exidx.text.rgb_set_leds) refers to main.o(.text.rgb_set_leds) for [Anonymous Symbol]
    main.o(.text.LCD_pulse_enable) refers to main.o(.text.delay) for delay
    main.o(.ARM.exidx.text.LCD_pulse_enable) refers to main.o(.text.LCD_pulse_enable) for [Anonymous Symbol]
    main.o(.text.LCD_write_nibble) refers to main.o(.text.LCD_pulse_enable) for LCD_pulse_enable
    main.o(.ARM.exidx.text.LCD_write_nibble) refers to main.o(.text.LCD_write_nibble) for [Anonymous Symbol]
    main.o(.text.LCD_send_command) refers to main.o(.text.LCD_write_nibble) for LCD_write_nibble
    main.o(.text.LCD_send_command) refers to main.o(.text.delay_ms) for delay_ms
    main.o(.ARM.exidx.text.LCD_send_command) refers to main.o(.text.LCD_send_command) for [Anonymous Symbol]
    main.o(.text.LCD_clear) refers to main.o(.text.LCD_send_command) for LCD_send_command
    main.o(.ARM.exidx.text.LCD_clear) refers to main.o(.text.LCD_clear) for [Anonymous Symbol]
    main.o(.text.LCD_home) refers to main.o(.text.LCD_send_command) for LCD_send_command
    main.o(.ARM.exidx.text.LCD_home) refers to main.o(.text.LCD_home) for [Anonymous Symbol]
    main.o(.text.LCD_send_data) refers to main.o(.text.LCD_write_nibble) for LCD_write_nibble
    main.o(.ARM.exidx.text.LCD_send_data) refers to main.o(.text.LCD_send_data) for [Anonymous Symbol]
    main.o(.text.LCD_init) refers to main.o(.text.delay_ms) for delay_ms
    main.o(.text.LCD_init) refers to main.o(.text.LCD_write_nibble) for LCD_write_nibble
    main.o(.text.LCD_init) refers to main.o(.text.delay) for delay
    main.o(.text.LCD_init) refers to main.o(.text.LCD_send_command) for LCD_send_command
    main.o(.ARM.exidx.text.LCD_init) refers to main.o(.text.LCD_init) for [Anonymous Symbol]
    main.o(.text.LCD_send_int) refers to main.o(.text.LCD_send_data) for LCD_send_data
    main.o(.ARM.exidx.text.LCD_send_int) refers to main.o(.text.LCD_send_int) for [Anonymous Symbol]
    main.o(.text.LCD_send_single_hex) refers to main.o(.text.LCD_send_data) for LCD_send_data
    main.o(.ARM.exidx.text.LCD_send_single_hex) refers to main.o(.text.LCD_send_single_hex) for [Anonymous Symbol]
    main.o(.text.LCD_send_hex) refers to main.o(.text.LCD_send_single_hex) for LCD_send_single_hex
[...]
    rtexit.o(.ARM.Collect$$rtexit$$00000000) refers (Special) to rtexit2.o(.ARM.Collect$$rtexit$$00000002) for __rt_exit_prels_1
    rtexit.o(.ARM.exidx) refers (Special) to rtexit2.o(.ARM.Collect$$rtexit$$00000004) for __rt_exit_exit
    rtexit.o(.ARM.exidx) refers (Special) to rtexit2.o(.ARM.Collect$$rtexit$$00000003) for __rt_exit_ls
    rtexit.o(.ARM.exidx) refers (Special) to rtexit2.o(.ARM.Collect$$rtexit$$00000002) for __rt_exit_prels_1
    rtexit.o(.ARM.exidx) refers to rtexit.o(.ARM.Collect$$rtexit$$00000000) for .ARM.Collect$$rtexit$$00000000
    rt_raise.o(.text) refers to __raise.o(.text) for __raise
    rt_raise.o(.text) refers to sys_exit.o(.text) for _sys_exit
    defsig_exit.o(.text) refers to sys_exit.o(.text) for _sys_exit
    defsig_fpe_inner.o(.text) refers to defsig_general.o(.text) for __default_signal_display
    libinit2.o(.ARM.Collect$$libinit$$00000012) refers to libinit2.o(.ARM.Collect$$libinit$$00000011) for .ARM.Collect$$libinit$$00000011
    libinit2.o(.ARM.Collect$$libinit$$00000014) refers to libinit2.o(.ARM.Collect$$libinit$$00000011) for .ARM.Collect$$libinit$$00000011
    libinit2.o(.ARM.Collect$$libinit$$00000016) refers to libinit2.o(.ARM.Collect$$libinit$$00000011) for .ARM.Collect$$libinit$$00000011
    libinit2.o(.ARM.Collect$$libinit$$00000018) refers to libinit2.o(.ARM.Collect$$libinit$$00000011) for .ARM.Collect$$libinit$$00000011
    libinit2.o(.ARM.Collect$$libinit$$0000001A) refers to libinit2.o(.ARM.Collect$$libinit$$00000011) for .ARM.Collect$$libinit$$00000011
    libinit2.o(.ARM.Collect$$libinit$$00000028) refers to argv_veneer.o(.text) for __ARM_argv_veneer
    libinit2.o(.ARM.Collect$$libinit$$00000029) refers to argv_veneer.o(.text) for __ARM_argv_veneer
    sys_exit.o(.text) refers (Special) to use_no_semi.o(.text) for __I$use$semihosting
    sys_exit.o(.text) refers (Special) to indicate_semi.o(.text) for __semihosting_library_function
    sys_exit_hlt.o(.text) refers (Special) to use_no_semi.o(.text) for __I$use$semihosting
    sys_exit_hlt.o(.text) refers (Special) to indicate_semi.o(.text) for __semihosting_library_function
    rtexit2.o(.ARM.Collect$$rtexit$$00000003) refers to libshutdown.o(.ARM.Collect$$libshutdown$$00000000) for __rt_lib_shutdown
    rtexit2.o(.ARM.Collect$$rtexit$$00000004) refers to sys_exit.o(.text) for _sys_exit
    rtexit2.o(.ARM.exidx) refers to rtexit2.o(.ARM.Collect$$rtexit$$00000001) for .ARM.Collect$$rtexit$$00000001
    rtexit2.o(.ARM.exidx) refers to rtexit2.o(.ARM.Collect$$rtexit$$00000003) for .ARM.Collect$$rtexit$$00000003
    rtexit2.o(.ARM.exidx) refers to rtexit2.o(.ARM.Collect$$rtexit$$00000004) for .ARM.Collect$$rtexit$$00000004
    __raise.o(.text) refers to defsig.o(CL$$defsig) for __default_signal_handler
    defsig_general.o(.text) refers to sys_wrch.o(.text) for _ttywrch
    sys_wrch.o(.text) refers (Special) to use_no_semi.o(.text) for __I$use$semihosting
    sys_wrch.o(.text) refers (Special) to indicate_semi.o(.text) for __semihosting_library_function
    sys_wrch_hlt.o(.text) refers (Special) to use_no_semi.o(.text) for __I$use$semihosting
    sys_wrch_hlt.o(.text) refers (Special) to indicate_semi.o(.text) for __semihosting_library_function
    defsig.o(CL$$defsig) refers to defsig_fpe_inner.o(.text) for __rt_SIGFPE_inner
    defsig.o(CL$$defsig) refers to defsig_rtmem_inner.o(.text) for __rt_SIGRTMEM_inner
    _get_argv_nomalloc.o(.text) refers (Special) to hrguard.o(.text) for __heap_region$guard
    _get_argv_nomalloc.o(.text) refers to defsig_rtmem_outer.o(.text) for __rt_SIGRTMEM
    _get_argv_nomalloc.o(.text) refers to sys_command.o(.text) for _sys_command_string
    libshutdown.o(.ARM.Collect$$libshutdown$$00000000) refers (Special) to libshutdown2.o(.ARM.Collect$$libshutdown$$00000002) for __rt_lib_shutdown_cpp_1
    libshutdown.o(.ARM.Collect$$libshutdown$$00000000) refers (Special) to libshutdown2.o(.ARM.Collect$$libshutdown$$00000007) for __rt_lib_shutdown_fp_trap_1
    libshutdown.o(.ARM.Collect$$libshutdown$$00000000) refers (Special) to libshutdown2.o(.ARM.Collect$$libshutdown$$0000000F) for __rt_lib_shutdown_heap_1
    libshutdown.o(.ARM.Collect$$libshutdown$$00000000) refers (Special) to libshutdown2.o(.ARM.Collect$$libshutdown$$00000010) for __rt_lib_shutdown_return
    libshutdown.o(.ARM.Collect$$libshutdown$$00000000) refers (Special) to libshutdown2.o(.ARM.Collect$$libshutdown$$0000000A) for __rt_lib_shutdown_signal_1
    libshutdown.o(.ARM.Collect$$libshutdown$$00000000) refers (Special) to libshutdown2.o(.ARM.Collect$$libshutdown$$00000004) for __rt_lib_shutdown_stdio_1
    libshutdown.o(.ARM.Collect$$libshutdown$$00000000) refers (Special) to libshutdown2.o(.ARM.Collect$$libshutdown$$0000000C) for __rt_lib_shutdown_user_alloc_1
    sys_command.o(.text) refers (Special) to use_no_semi.o(.text) for __I$use$semihosting
    sys_command.o(.text) refers (Special) to indicate_semi.o(.text) for __semihosting_library_function
    sys_command_hlt.o(.text) refers (Special) to use_no_semi.o(.text) for __I$use$semihosting
    sys_command_hlt.o(.text) refers (Special) to indicate_semi.o(.text) for __semihosting_library_function
    defsig_abrt_inner.o(.text) refers to defsig_general.o(.text) for __default_signal_display
    defsig_rtred_inner.o(.text) refers to defsig_general.o(.text) for __default_signal_display
    defsig_rtmem_inner.o(.text) refers to defsig_general.o(.text) for __default_signal_display
    defsig_rtmem_outer.o(.text) refers to defsig_rtmem_inner.o(.text) for __rt_SIGRTMEM_inner
    defsig_rtmem_outer.o(.text) refers to defsig_exit.o(.text) for __sig_exit
    defsig_rtmem_formal.o(.text) refers to rt_raise.o(.text) for __rt_raise
    defsig_stak_inner.o(.text) refers to defsig_general.o(.text) for __default_signal_display
    defsig_pvfn_inner.o(.text) refers to defsig_general.o(.text) for __default_signal_display
    defsig_cppl_inner.o(.text) refers to defsig_general.o(.text) for __default_signal_display
    defsig_segv_inner.o(.text) refers to defsig_general.o(.text) for __default_signal_display
    defsig_other.o(.text) refers to defsig_general.o(.text) for __default_signal_display


==============================================================================

Removing Unused input sections from the image.

    Removing main.o(.text), (0 bytes).
    Removing main.o(.ARM.exidx.text.get_slide_frame), (8 bytes).
    Removing main.o(.ARM.exidx.text.SysTick_Handler), (8 bytes).
    Removing main.o(.ARM.exidx.text.get_safe_time), (8 bytes).
    Removing main.o(.ARM.exidx.text.delay), (8 bytes).
    Removing main.o(.ARM.exidx.text.delay_ms), (8 bytes).
    Removing main.o(.ARM.exidx.text.spi0_init), (8 bytes).
    Removing main.o(.ARM.exidx.text.spi0_write), (8 bytes).
    Removing main.o(.ARM.exidx.text.apa102_start_frame), (8 bytes).
    Removing main.o(.ARM.exidx.text.apa102_end_frame), (8 bytes).
    Removing main.o(.ARM.exidx.text.apa102_send_led), (8 bytes).
    Removing main.o(.ARM.exidx.text.rgb_refresh), (8 bytes).
    Removing main.o(.ARM.exidx.text.rgb_set_led), (8 bytes).
    Removing main.o(.ARM.exidx.text.rgb_set_leds), (8 bytes).
    Removing main.o(.ARM.exidx.text.LCD_pulse_enable), (8 bytes).
    Removing main.o(.ARM.exidx.text.LCD_write_nibble), (8 bytes).
    Removing main.o(.ARM.exidx.text.LCD_send_command), (8 bytes).
    Removing main.o(.ARM.exidx.text.LCD_clear), (8 bytes).
    Removing main.o(.ARM.exidx.text.LCD_home), (8 bytes).
    Removing main.o(.ARM.exidx.text.LCD_send_data), (8 bytes).
    Removing main.o(.ARM.exidx.text.LCD_init), (8 bytes).
    Removing main.o(.text.LCD_send_int), (20 bytes).
    Removing main.o(.ARM.exidx.text.LCD_send_int), (8 bytes).
    Removing main.o(.text.LCD_send_single_hex), (42 bytes).
    Removing main.o(.ARM.exidx.text.LCD_send_single_hex), (8 bytes).
    Removing main.o(.text.LCD_send_hex), (58 bytes).
    Removing main.o(.ARM.exidx.text.LCD_send_hex), (8 bytes).
    Removing main.o(.ARM.exidx.text.LCD_send_number), (8 bytes).
    Removing main.o(.ARM.exidx.text.LCD_send_string), (8 bytes).
    Removing main.o(.ARM.exidx.text.LCD_create_char), (8 bytes).
    Removing main.o(.ARM.exidx.text.LCD_set_cursor), (8 bytes).
    Removing main.o(.ARM.exidx.text.PWM_init), (8 bytes).
    Removing main.o(.ARM.exidx.text.LED_init), (8 bytes).
    Removing main.o(.ARM.exidx.text.red_led), (8 bytes).
    Removing main.o(.ARM.exidx.text.yellow_led), (8 bytes).
    Removing main.o(.ARM.exidx.text.green_led), (8 bytes).
    Removing main.o(.ARM.exidx.text.buttons_init), (8 bytes).
    Removing main.o(.ARM.exidx.text.button_up_rising_handler), (8 bytes).
    Removing main.o(.ARM.exidx.text.button_up_falling_handler), (8 bytes).
    Removing main.o(.ARM.exidx.text.button_left_rising_handler), (8 bytes).
    Removing main.o(.ARM.exidx.text.button_left_falling_handler), (8 bytes).
    Removing main.o(.ARM.exidx.text.button_right_rising_handler), (8 bytes).
    Removing main.o(.ARM.exidx.text.button_right_falling_handler), (8 bytes).
    Removing main.o(.ARM.exidx.text.button_down_rising_handler), (8 bytes).
    Removing main.o(.ARM.exidx.text.button_down_falling_handler), (8 bytes).
    Removing main.o(.ARM.exidx.text.button_center_rising_handler), (8 bytes).
    Removing main.o(.ARM.exidx.text.__NVIC_SystemReset), (8 bytes).
    Removing main.o(.ARM.exidx.text.button_center_falling_handler), (8 bytes).
    Removing main.o(.ARM.exidx.text.button_task), (8 bytes).
    Removing main.o(.ARM.exidx.text.init_adc), (8 bytes).
    Removing main.o(.ARM.exidx.text.adc_read), (8 bytes).
    Removing main.o(.ARM.exidx.text.bpm_led_task), (8 bytes).
    Removing main.o(.ARM.exidx.text.main), (8 bytes).
    Removing main.o(.ARM.exidx.text.SysTick_Config), (8 bytes).
    Removing main.o(.ARM.exidx.text.__NVIC_SetPriority), (8 bytes).
    Removing main.o(.bss.last_bpm), (4 bytes).
    Removing main.o(.ARM.use_no_argv), (4 bytes).
    Removing system_mkl25z4.o(.text), (0 bytes).
    Removing system_mkl25z4.o(.ARM.exidx.text.SystemInit), (8 bytes).
    Removing system_mkl25z4.o(.text.SystemCoreClockUpdate), (556 bytes).
    Removing system_mkl25z4.o(.ARM.exidx.text.SystemCoreClockUpdate), (8 bytes).
    Removing system_mkl25z4.o(.data.SystemCoreClock), (4 bytes).

62 unused section(s) (total 1112 bytes) removed from the image.

==============================================================================

Image Symbol Table

    Local Symbols

    Symbol Name                              Value     Ov Type        Size  Object(Section)

    ../clib/angel/boardlib.s                 0x00000000   Number         0  boardinit1.o ABSOLUTE
    ../clib/angel/boardlib.s                 0x00000000   Number         0  boardinit2.o ABSOLUTE
    ../clib/angel/boardlib.s                 0x00000000   Number         0  boardinit3.o ABSOLUTE
    ../clib/angel/boardlib.s                 0x00000000   Number         0  boardshut.o ABSOLUTE
    ../clib/angel/handlers.s                 0x00000000   Number         0  __scatter_copy.o ABSOLUTE
    ../clib/angel/handlers.s                 0x00000000   Number         0  __scatter_zi.o ABSOLUTE
    ../clib/angel/kernel.s                   0x00000000   Number         0  __rtentry.o ABSOLUTE
    ../clib/angel/kernel.s                   0x00000000   Number         0  __rtentry2.o ABSOLUTE
    ../clib/angel/kernel.s                   0x00000000   Number         0  __rtentry4.o ABSOLUTE
    ../clib/angel/kernel.s                   0x00000000   Number         0  rtexit.o ABSOLUTE
    ../clib/angel/kernel.s                   0x00000000   Number         0  rtexit2.o ABSOLUTE
    ../clib/angel/rt.s                       0x00000000   Number         0  aeabi_idiv0.o ABSOLUTE
    ../clib/angel/rt.s                       0x00000000   Number         0  aeabi_idiv0_sigfpe.o ABSOLUTE
    ../clib/angel/rt.s                       0x00000000   Number         0  aeabi_ldiv0.o ABSOLUTE
    ../clib/angel/rt.s                       0x00000000   Number         0  aeabi_ldiv0_sigfpe.o ABSOLUTE
    ../clib/angel/rt.s                       0x00000000   Number         0  rt_div0.o ABSOLUTE
    ../clib/angel/rt.s                       0x00000000   Number         0  rt_raise.o ABSOLUTE
    ../clib/angel/scatterp.s                 0x00000000   Number         0  __scatter.o ABSOLUTE
    ../clib/angel/startup.s                  0x00000000   Number         0  __main.o ABSOLUTE
    ../clib/angel/sys.s                      0x00000000   Number         0  sys_stackheap_outer.o ABSOLUTE
    ../clib/angel/sys.s                      0x00000000   Number         0  libspace.o ABSOLUTE
    ../clib/angel/sys.s                      0x00000000   Number         0  tempstk.o ABSOLUTE
    ../clib/angel/sys.s                      0x00000000   Number         0  use_no_semi.o ABSOLUTE
    ../clib/angel/sys.s                      0x00000000   Number         0  indicate_semi.o ABSOLUTE
    ../clib/angel/sysapp.c                   0x00000000   Number         0  sys_exit.o ABSOLUTE
    ../clib/angel/sysapp.c                   0x00000000   Number         0  sys_exit_hlt.o ABSOLUTE
    ../clib/angel/sysapp.c                   0x00000000   Number         0  sys_wrch.o ABSOLUTE
    ../clib/angel/sysapp.c                   0x00000000   Number         0  sys_wrch_hlt.o ABSOLUTE
    ../clib/angel/sysapp.c                   0x00000000   Number         0  sys_command.o ABSOLUTE
    ../clib/angel/sysapp.c                   0x00000000   Number         0  sys_command_hlt.o ABSOLUTE
    ../clib/armsys.c                         0x00000000   Number         0  argv_veneer.o ABSOLUTE
    ../clib/armsys.c                         0x00000000   Number         0  _get_argv_nomalloc.o ABSOLUTE
    ../clib/armsys.c                         0x00000000   Number         0  no_argv.o ABSOLUTE
    ../clib/division.c                       0x00000000   Number         0  lludiv.o ABSOLUTE
    ../clib/division.s                       0x00000000   Number         0  aeabi_sdiv.o ABSOLUTE
    ../clib/division.s                       0x00000000   Number         0  aeabi_sdiv_div0.o ABSOLUTE
    ../clib/heapalloc.c                      0x00000000   Number         0  hrguard.o ABSOLUTE
    ../clib/heapaux.c                        0x00000000   Number         0  heapauxi.o ABSOLUTE
    ../clib/libinit.s                        0x00000000   Number         0  libinit.o ABSOLUTE
    ../clib/libinit.s                        0x00000000   Number         0  libinit2.o ABSOLUTE
    ../clib/libinit.s                        0x00000000   Number         0  libshutdown.o ABSOLUTE
    ../clib/libinit.s                        0x00000000   Number         0  libshutdown2.o ABSOLUTE
    ../clib/longlong.c                       0x00000000   Number         0  llmul.o ABSOLUTE
    ../clib/memcpset.c                       0x00000000   Number         0  rt_memclr.o ABSOLUTE
    ../clib/signal.c                         0x00000000   Number         0  defsig_fpe_outer.o ABSOLUTE
    ../clib/signal.c                         0x00000000   Number         0  defsig_fpe_formal.o ABSOLUTE
    ../clib/signal.c                         0x00000000   Number         0  defsig_exit.o ABSOLUTE
    ../clib/signal.c                         0x00000000   Number         0  defsig_fpe_inner.o ABSOLUTE
    ../clib/signal.c                         0x00000000   Number         0  __raise.o ABSOLUTE
    ../clib/signal.c                         0x00000000   Number         0  defsig_general.o ABSOLUTE
    ../clib/signal.c                         0x00000000   Number         0  defsig_abrt_inner.o ABSOLUTE
    ../clib/signal.c                         0x00000000   Number         0  defsig_rtred_inner.o ABSOLUTE
    ../clib/signal.c                         0x00000000   Number         0  defsig_rtmem_inner.o ABSOLUTE
    ../clib/signal.c                         0x00000000   Number         0  defsig_rtmem_outer.o ABSOLUTE
    ../clib/signal.c                         0x00000000   Number         0  defsig_rtmem_formal.o ABSOLUTE
    ../clib/signal.c                         0x00000000   Number         0  defsig_stak_inner.o ABSOLUTE
    ../clib/signal.c                         0x00000000   Number         0  defsig_pvfn_inner.o ABSOLUTE
    ../clib/signal.c                         0x00000000   Number         0  defsig_cppl_inner.o ABSOLUTE
    ../clib/signal.c                         0x00000000   Number         0  defsig_segv_inner.o ABSOLUTE
    ../clib/signal.c                         0x00000000   Number         0  defsig_other.o ABSOLUTE
    ../clib/signal.s                         0x00000000   Number         0  defsig.o ABSOLUTE
    ../clib/stdlib.c                         0x00000000   Number         0  exit.o ABSOLUTE
    ../clib/string.c                         0x00000000   Number         0  strlen.o ABSOLUTE
    ../clib/string.c                         0x00000000   Number         0  strcat.o ABSOLUTE
    ../clib/string.c                         0x00000000   Number         0  strncpy.o ABSOLUTE
    ../fplib/cfplib/dmul.c                   0x00000000   Number         0  dmul.o ABSOLUTE
    ../fplib/cfplib/ffix.c                   0x00000000   Number         0  dfixi.o ABSOLUTE
    ../fplib/cfplib/fflt.c                   0x00000000   Number         0  dflti.o ABSOLUTE
    ../fplib/cfplib/fpinit.c                 0x00000000   Number         0  fpinit.o ABSOLUTE
    ../fplib/usenofp.s                       0x00000000   Number         0  usenofp.o ABSOLUTE
    RTE/Device/MKL25Z128xxx4/startup_MKL25Z4.s 0x00000000   Number         0  startup_mkl25z4.o ABSOLUTE
    dc.s                                     0x00000000   Number         0  dc.o ABSOLUTE
    main.c                                   0x00000000   Number         0  main.o ABSOLUTE
    system_MKL25Z4.c                         0x00000000   Number         0  system_mkl25z4.o ABSOLUTE
    RESET                                    0x00000000   Section      192  startup_mkl25z4.o(RESET)
    !!!main                                  0x000000c0   Section        8  __main.o(!!!main)
    !!!scatter                               0x000000c8   Section       84  __scatter.o(!!!scatter)
    !!handler_copy                           0x0000011c   Section       26  __scatter_copy.o(!!handler_copy)
    !!handler_null                           0x00000138   Section        2  __scatter.o(!!handler_null)
    !!handler_zi                             0x0000013c   Section       28  __scatter_zi.o(!!handler_zi)
    .ARM.Collect$$libinit$$00000000          0x00000158   Section        2  libinit.o(.ARM.Collect$$libinit$$00000000)
    .ARM.Collect$$libinit$$00000002          0x0000015a   Section        0  libinit2.o(.ARM.Collect$$libinit$$00000002)
    .ARM.Collect$$libinit$$00000004          0x0000015a   Section        0  libinit2.o(.ARM.Collect$$libinit$$00000004)
    .ARM.Collect$$libinit$$00000006          0x0000015a   Section        0  libinit2.o(.ARM.Collect$$libinit$$00000006)
    .ARM.Collect$$libinit$$0000000C          0x0000015a   Section        0  libinit2.o(.ARM.Collect$$libinit$$0000000C)
    .ARM.Collect$$libinit$$0000000E          0x0000015a   Section        0  libinit2.o(.ARM.Collect$$libinit$$0000000E)
    .ARM.Collect$$libinit$$00000010          0x0000015a   Section        0  libinit2.o(.ARM.Collect$$libinit$$00000010)
    .ARM.Collect$$libinit$$00000013          0x0000015a   Section        0  libinit2.o(.ARM.Collect$$libinit$$00000013)
    .ARM.Collect$$libinit$$00000015          0x0000015a   Section        0  libinit2.o(.ARM.Collect$$libinit$$00000015)
    .ARM.Collect$$libinit$$00000017          0x0000015a   Section        0  libinit2.o(.ARM.Collect$$libinit$$00000017)
    .ARM.Collect$$libinit$$00000019          0x0000015a   Section        0  libinit2.o(.ARM.Collect$$libinit$$00000019)
    .ARM.Collect$$libinit$$0000001B          0x0000015a   Section        0  libinit2.o(.ARM.Collect$$libinit$$0000001B)
    .ARM.Collect$$libinit$$0000001D          0x0000015a   Section        0  libinit2.o(.ARM.Collect$$libinit$$0000001D)
    .ARM.Collect$$libinit$$0000001F          0x0000015a   Section        0  libinit2.o(.ARM.Collect$$libinit$$0000001F)
    .ARM.Collect$$libinit$$00000021          0x0000015a   Section        0  libinit2.o(.ARM.Collect$$libinit$$00000021)
    .ARM.Collect$$libinit$$00000023          0x0000015a   Section        0  libinit2.o(.ARM.Collect$$libinit$$00000023)
    .ARM.Collect$$libinit$$00000025          0x0000015a   Section        0  libinit2.o(.ARM.Collect$$libinit$$00000025)
    .ARM.Collect$$libinit$$00000027          0x0000015a   Section        0  libinit2.o(.ARM.Collect$$libinit$$00000027)
    .ARM.Collect$$libinit$$0000002E          0x0000015a   Section        0  libinit2.o(.ARM.Collect$$libinit$$0000002E)
    .ARM.Collect$$libinit$$00000030          0x0000015a   Section        0  libinit2.o(.ARM.Collect$$libinit$$00000030)
    .ARM.Collect$$libinit$$00000032          0x0000015a   Section        0  libinit2.o(.ARM.Collect$$libinit$$00000032)
    .ARM.Collect$$libinit$$00000034          0x0000015a   Section        0  libinit2.o(.ARM.Collect$$libinit$$00000034)
    .ARM.Collect$$libinit$$00000035          0x0000015a   Section        2  libinit2.o(.ARM.Collect$$libinit$$00000035)
    .ARM.Collect$$libshutdown$$00000000      0x0000015c   Section        2  libshutdown.o(.ARM.Collect$$libshutdown$$00000000)
    .ARM.Collect$$libshutdown$$00000002      0x0000015e   Section        0  libshutdown2.o(.ARM.Collect$$libshutdown$$00000002)
    .ARM.Collect$$libshutdown$$00000004      0x0000015e   Section        0  libshutdown2.o(.ARM.Collect$$libshutdown$$00000004)
    .ARM.Collect$$libshutdown$$00000007      0x0000015e   Section        0  libshutdown2.o(.ARM.Collect$$libshutdown$$00000007)
    .ARM.Collect$$libshutdown$$0000000A      0x0000015e   Section        0  libshutdown2.o(.ARM.Collect$$libshutdown$$0000000A)
    .ARM.Collect$$libshutdown$$0000000C      0x0000015e   Section        0  libshutdown2.o(.ARM.Collect$$libshutdown$$0000000C)
    .ARM.Collect$$libshutdown$$0000000F      0x0000015e   Section        0  libshutdown2.o(.ARM.Collect$$libshutdown$$0000000F)
    .ARM.Collect$$libshutdown$$00000010      0x0000015e   Section        2  libshutdown2.o(.ARM.Collect$$libshutdown$$00000010)
    .ARM.Collect$$rtentry$$00000000          0x00000160   Section        0  __rtentry.o(.ARM.Collect$$rtentry$$00000000)
    .ARM.Collect$$rtentry$$00000002          0x00000160   Section        0  __rtentry2.o(.ARM.Collect$$rtentry$$00000002)
    .ARM.Collect$$rtentry$$00000004          0x00000160   Section        6  __rtentry4.o(.ARM.Collect$$rtentry$$00000004)
    .ARM.Collect$$rtentry$$00000009          0x00000166   Section        0  __rtentry2.o(.ARM.Collect$$rtentry$$00000009)
    .ARM.Collect$$rtentry$$0000000A          0x00000166   Section        4  __rtentry2.o(.ARM.Collect$$rtentry$$0000000A)
    .ARM.Collect$$rtentry$$0000000C          0x0000016a   Section        0  __rtentry2.o(.ARM.Collect$$rtentry$$0000000C)
    .ARM.Collect$$rtentry$$0000000D          0x0000016a   Section        8  __rtentry2.o(.ARM.Collect$$rtentry$$0000000D)
    .ARM.Collect$$rtexit$$00000000           0x00000172   Section        2  rtexit.o(.ARM.Collect$$rtexit$$00000000)
    .ARM.Collect$$rtexit$$00000002           0x00000174   Section        0  rtexit2.o(.ARM.Collect$$rtexit$$00000002)
    .ARM.Collect$$rtexit$$00000003           0x00000174   Section        4  rtexit2.o(.ARM.Collect$$rtexit$$00000003)
    .ARM.Collect$$rtexit$$00000004           0x00000178   Section        6  rtexit2.o(.ARM.Collect$$rtexit$$00000004)
    .text                                    0x00000180   Section       64  startup_mkl25z4.o(.text)
    .text                                    0x000001c0   Section        0  llmul.o(.text)
    .text                                    0x000001f0   Section        0  lludiv.o(.text)
    .text                                    0x00000300   Section        0  strlen.o(.text)
    .text                                    0x00000344   Section        0  strcat.o(.text)
    .text                                    0x0000035c   Section        0  strncpy.o(.text)
    .text                                    0x000003c8   Section        0  heapauxi.o(.text)
    .text                                    0x000003ce   Section        0  exit.o(.text)
    .text                                    0x000003e0   Section        8  libspace.o(.text)
    .text                                    0x000003e8   Section        0  sys_exit.o(.text)
    .text                                    0x000003f4   Section        2  use_no_semi.o(.text)
    [Anonymous Symbol]                       0x000003f6   Section        0  main.o(.text.LCD_clear)
    .text                                    0x000003f6   Section        0  indicate_semi.o(.text)
    .ARM.__at_0x400                          0x00000400   Section       16  startup_mkl25z4.o(.ARM.__at_0x400)
    .text                                    0x00000410   Section      364  aeabi_sdiv.o(.text)
    .text                                    0x0000057c   Section        0  dfixi.o(.text)
    .text                                    0x000005e8   Section        0  dflti.o(.text)
    .text                                    0x00000640   Section        0  dmul.o(.text)
    .text                                    0x00000888   Section        0  rt_memclr.o(.text)
    .text                                    0x000008c8   Section       62  sys_stackheap_outer.o(.text)
    [Anonymous Symbol]                       0x00000906   Section        0  main.o(.text.LCD_create_char)
    [Anonymous Symbol]                       0x00000952   Section        0  main.o(.text.LCD_home)
    [Anonymous Symbol]                       0x0000095c   Section        0  main.o(.text.LCD_init)
    __arm_cp.19_0                            0x00000a04   Number         4  main.o(.text.LCD_init)
    __arm_cp.19_1                            0x00000a08   Number         4  main.o(.text.LCD_init)
    __arm_cp.19_2                            0x00000a0c   Number         4  main.o(.text.LCD_init)
    __arm_cp.19_3                            0x00000a10   Number         4  main.o(.text.LCD_init)
    __arm_cp.19_4                            0x00000a14   Number         4  main.o(.text.LCD_init)
    __arm_cp.19_5                            0x00000a18   Number         4  main.o(.text.LCD_init)
    __arm_cp.19_6                            0x00000a1c   Number         4  main.o(.text.LCD_init)
    __arm_cp.19_7                            0x00000a20   Number         4  main.o(.text.LCD_init)
    __arm_cp.19_8                            0x00000a24   Number         4  main.o(.text.LCD_init)
    __arm_cp.19_10                           0x00000a28   Number         4  main.o(.text.LCD_init)
    [Anonymous Symbol]                       0x00000a2c   Section        0  main.o(.text.LCD_pulse_enable)
    [Anonymous Symbol]                       0x00000a54   Section        0  main.o(.text.LCD_send_command)
    [Anonymous Symbol]                       0x00000aa0   Section        0  main.o(.text.LCD_send_data)
    [Anonymous Symbol]                       0x00000ad4   Section        0  main.o(.text.LCD_send_number)
    [Anonymous Symbol]                       0x00000b1a   Section        0  main.o(.text.LCD_send_string)
    [Anonymous Symbol]                       0x00000b66   Section        0  main.o(.text.LCD_set_cursor)
    [Anonymous Symbol]                       0x00000b9c   Section        0  main.o(.text.LCD_write_nibble)
    __arm_cp.14_1                            0x00000bbc   Number         4  main.o(.text.LCD_write_nibble)
    [Anonymous Symbol]                       0x00000bc0   Section        0  main.o(.text.LED_init)
    __arm_cp.28_0                            0x00000be0   Number         4  main.o(.text.LED_init)
    __arm_cp.28_1                            0x00000be4   Number         4  main.o(.text.LED_init)
    __arm_cp.28_2                            0x00000be8   Number         4  main.o(.text.LED_init)
    [Anonymous Symbol]                       0x00000bec   Section        0  main.o(.text.PWM_init)
    __arm_cp.27_0                            0x00000c34   Number         4  main.o(.text.PWM_init)
    __arm_cp.27_1                            0x00000c38   Number         4  main.o(.text.PWM_init)
    __arm_cp.27_2                            0x00000c3c   Number         4  main.o(.text.PWM_init)
    __arm_cp.27_3                            0x00000c40   Number         4  main.o(.text.PWM_init)
    __arm_cp.27_4                            0x00000c44   Number         4  main.o(.text.PWM_init)
    __arm_cp.27_5                            0x00000c48   Number         4  main.o(.text.PWM_init)
    __arm_cp.27_6                            0x00000c4c   Number         4  main.o(.text.PWM_init)
    __arm_cp.27_7                            0x00000c50   Number         4  main.o(.text.PWM_init)
    __arm_cp.27_8                            0x00000c54   Number         4  main.o(.text.PWM_init)
    __arm_cp.27_9                            0x00000c58   Number         4  main.o(.text.PWM_init)
    __arm_cp.27_10                           0x00000c5c   Number         4  main.o(.text.PWM_init)
    SysTick_Config                           0x00000c61   Thumb Code    68  main.o(.text.SysTick_Config)
    [Anonymous Symbol]                       0x00000c60   Section        0  main.o(.text.SysTick_Config)
    __arm_cp.49_0                            0x00000ca4   Number         4  main.o(.text.SysTick_Config)
    __arm_cp.49_1                            0x00000ca8   Number         4  main.o(.text.SysTick_Config)
    __arm_cp.49_2                            0x00000cac   Number         4  main.o(.text.SysTick_Config)
    [Anonymous Symbol]                       0x00000cb0   Section        0  main.o(.text.SysTick_Handler)
    __arm_cp.1_0                             0x00000cc8   Number         4  main.o(.text.SysTick_Handler)
    __arm_cp.1_1                             0x00000ccc   Number         4  main.o(.text.SysTick_Handler)
    [Anonymous Symbol]                       0x00000cd0   Section        0  system_mkl25z4.o(.text.SystemInit)
    __arm_cp.0_0                             0x00000cd8   Number         4  system_mkl25z4.o(.text.SystemInit)
    __NVIC_SetPriority                       0x00000cdd   Thumb Code   124  main.o(.text.__NVIC_SetPriority)
    [Anonymous Symbol]                       0x00000cdc   Section        0  main.o(.text.__NVIC_SetPriority)
    __arm_cp.50_0                            0x00000d58   Number         4  main.o(.text.__NVIC_SetPriority)
    __arm_cp.50_1                            0x00000d5c   Number         4  main.o(.text.__NVIC_SetPriority)
    __NVIC_SystemReset                       0x00000d61   Thumb Code    20  main.o(.text.__NVIC_SystemReset)
    [Anonymous Symbol]                       0x00000d60   Section        0  main.o(.text.__NVIC_SystemReset)
    __arm_cp.42_0                            0x00000d74   Number         4  main.o(.text.__NVIC_SystemReset)
    __arm_cp.42_1                            0x00000d78   Number         4  main.o(.text.__NVIC_SystemReset)
    [Anonymous Symbol]                       0x00000d7c   Section        0  main.o(.text.adc_read)
    __arm_cp.46_0                            0x00000da8   Number         4  main.o(.text.adc_read)
    __arm_cp.46_1                            0x00000dac   Number         4  main.o(.text.adc_read)
    [Anonymous Symbol]                       0x00000db0   Section        0  main.o(.text.apa102_end_frame)
    [Anonymous Symbol]                       0x00000dd2   Section        0  main.o(.text.apa102_send_led)
    [Anonymous Symbol]                       0x00000e1a   Section        0  main.o(.text.apa102_start_frame)
    [Anonymous Symbol]                       0x00000e3c   Section        0  main.o(.text.bpm_led_task)
    __arm_cp.47_0                            0x000010a4   Number         4  main.o(.text.bpm_led_task)
    __arm_cp.47_1                            0x000010a8   Number         4  main.o(.text.bpm_led_task)
    __arm_cp.47_2                            0x000010ac   Number         4  main.o(.text.bpm_led_task)
    __arm_cp.47_3                            0x000010b0   Number         4  main.o(.text.bpm_led_task)
    __arm_cp.47_4                            0x000010b4   Number         4  main.o(.text.bpm_led_task)
    __arm_cp.47_5                            0x000010b8   Number         4  main.o(.text.bpm_led_task)
    __arm_cp.47_6                            0x000010bc   Number         4  main.o(.text.bpm_led_task)
    __arm_cp.47_7                            0x000010c0   Number         4  main.o(.text.bpm_led_task)
    __arm_cp.47_8                            0x000010c4   Number         4  main.o(.text.bpm_led_task)
    __arm_cp.47_9                            0x000010c8   Number         4  main.o(.text.bpm_led_task)
    [Anonymous Symbol]                       0x000010cc   Section        0  main.o(.text.button_center_falling_handler)
    [Anonymous Symbol]                       0x000010d0   Section        0  main.o(.text.button_center_rising_handler)
    [Anonymous Symbol]                       0x00001174   Section        0  main.o(.text.button_down_falling_handler)
    [Anonymous Symbol]                       0x00001176   Section        0  main.o(.text.button_down_rising_handler)
    [Anonymous Symbol]                       0x00001178   Section        0  main.o(.text.button_left_falling_handler)
    [Anonymous Symbol]                       0x000011b0   Section        0  main.o(.text.button_left_rising_handler)
    [Anonymous Symbol]                       0x00001218   Section        0  main.o(.text.button_right_falling_handler)
    [Anonymous Symbol]                       0x0000124c   Section        0  main.o(.text.button_right_rising_handler)
    __arm_cp.37_0                            0x000012a4   Number         4  main.o(.text.button_right_rising_handler)
    __arm_cp.37_1                            0x000012a8   Number         4  main.o(.text.button_right_rising_handler)
    [Anonymous Symbol]                       0x000012ac   Section        0  main.o(.text.button_task)
    __arm_cp.44_0                            0x000014b0   Number         4  main.o(.text.button_task)
    __arm_cp.44_1                            0x000014b4   Number         4  main.o(.text.button_task)
    __arm_cp.44_2                            0x000014b8   Number         4  main.o(.text.button_task)
    __arm_cp.44_3                            0x000014bc   Number         4  main.o(.text.button_task)
    __arm_cp.44_4                            0x000014c0   Number         4  main.o(.text.button_task)
    __arm_cp.44_5                            0x000014c4   Number         4  main.o(.text.button_task)
    __arm_cp.44_6                            0x000014c8   Number         4  main.o(.text.button_task)
    __arm_cp.44_7                            0x000014cc   Number         4  main.o(.text.button_task)
    __arm_cp.44_8                            0x000014d0   Number         4  main.o(.text.button_task)
    __arm_cp.44_9                            0x000014d4   Number         4  main.o(.text.button_task)
    __arm_cp.44_10                           0x000014d8   Number         4  main.o(.text.button_task)
    __arm_cp.44_11                           0x000014dc   Number         4  main.o(.text.button_task)
    __arm_cp.44_12                           0x000014e0   Number         4  main.o(.text.button_task)
    [Anonymous Symbol]                       0x000014e4   Section        0  main.o(.text.button_up_falling_handler)
    [Anonymous Symbol]                       0x000014ee   Section        0  main.o(.text.button_up_rising_handler)
    [Anonymous Symbol]                       0x000014f8   Section        0  main.o(.text.buttons_init)
    __arm_cp.32_0                            0x0000152c   Number         4  main.o(.text.buttons_init)
    __arm_cp.32_1                            0x00001530   Number         4  main.o(.text.buttons_init)
    __arm_cp.32_2                            0x00001534   Number         4  main.o(.text.buttons_init)
    __arm_cp.32_3                            0x00001538   Number         4  main.o(.text.buttons_init)
    __arm_cp.32_4                            0x0000153c   Number         4  main.o(.text.buttons_init)
    __arm_cp.32_5                            0x00001540   Number         4  main.o(.text.buttons_init)
    __arm_cp.32_6                            0x00001544   Number         4  main.o(.text.buttons_init)
    [Anonymous Symbol]                       0x00001548   Section        0  main.o(.text.delay)
    [Anonymous Symbol]                       0x00001560   Section        0  main.o(.text.delay_ms)
    __arm_cp.4_0                             0x0000159c   Number         4  main.o(.text.delay_ms)
    [Anonymous Symbol]                       0x000015a0   Section        0  main.o(.text.get_safe_time)
    __arm_cp.2_0                             0x000015bc   Number         4  main.o(.text.get_safe_time)
    [Anonymous Symbol]                       0x000015c0   Section        0  main.o(.text.get_slide_frame)
    __arm_cp.0_0                             0x00001694   Number         4  main.o(.text.get_slide_frame)
    __arm_cp.0_1                             0x00001698   Number         4  main.o(.text.get_slide_frame)
    [Anonymous Symbol]                       0x0000169c   Section        0  main.o(.text.green_led)
    __arm_cp.31_0                            0x000016c0   Number         4  main.o(.text.green_led)
    __arm_cp.31_1                            0x000016c4   Number         4  main.o(.text.green_led)
    [Anonymous Symbol]                       0x000016c8   Section        0  main.o(.text.init_adc)
    __arm_cp.45_0                            0x000016e8   Number         4  main.o(.text.init_adc)
    __arm_cp.45_1                            0x000016ec   Number         4  main.o(.text.init_adc)
    __arm_cp.45_2                            0x000016f0   Number         4  main.o(.text.init_adc)
    __arm_cp.45_3                            0x000016f4   Number         4  main.o(.text.init_adc)
    [Anonymous Symbol]                       0x000016f8   Section        0  main.o(.text.main)
    __arm_cp.48_40                           0x00001adc   Number         4  main.o(.text.main)
    __arm_cp.48_42                           0x00001ae4   Number         4  main.o(.text.main)
    __arm_cp.48_43                           0x00001ae8   Number         4  main.o(.text.main)
    __arm_cp.48_44                           0x00001aec   Number         4  main.o(.text.main)
    __arm_cp.48_45                           0x00001af0   Number         4  main.o(.text.main)
    __arm_cp.48_46                           0x00001af4   Number         4  main.o(.text.main)
    __arm_cp.48_47                           0x00001af8   Number         4  main.o(.text.main)
    __arm_cp.48_48                           0x00001afc   Number         4  main.o(.text.main)
    __arm_cp.48_49                           0x00001b00   Number         4  main.o(.text.main)
    __arm_cp.48_50                           0x00001b04   Number         4  main.o(.text.main)
    __arm_cp.48_54                           0x00001b14   Number         4  main.o(.text.main)
    __arm_cp.48_55                           0x00001b18   Number         4  main.o(.text.main)
    __arm_cp.48_56                           0x00001b1c   Number         4  main.o(.text.main)
    __arm_cp.48_57                           0x00001efc   Number         4  main.o(.text.main)
    __arm_cp.48_1                            0x00001f00   Number         4  main.o(.text.main)
    __arm_cp.48_8                            0x00001f04   Number         4  main.o(.text.main)
    __arm_cp.48_9                            0x00001f08   Number         4  main.o(.text.main)
    __arm_cp.48_10                           0x00001f0c   Number         4  main.o(.text.main)
    __arm_cp.48_11                           0x00001f10   Number         4  main.o(.text.main)
    __arm_cp.48_12                           0x00001f14   Number         4  main.o(.text.main)
    __arm_cp.48_13                           0x00001f18   Number         4  main.o(.text.main)
    __arm_cp.48_14                           0x00001f1c   Number         4  main.o(.text.main)
    __arm_cp.48_15                           0x00001f20   Number         4  main.o(.text.main)
    __arm_cp.48_16                           0x00001f24   Number         4  main.o(.text.main)
    __arm_cp.48_17                           0x00001f28   Number         4  main.o(.text.main)
    __arm_cp.48_18                           0x00001f2c   Number         4  main.o(.text.main)
    __arm_cp.48_19                           0x00001f30   Number         4  main.o(.text.main)
    __arm_cp.48_20                           0x00001f34   Number         4  main.o(.text.main)
    __arm_cp.48_21                           0x00001f38   Number         4  main.o(.text.main)
    __arm_cp.48_22                           0x00001f3c   Number         4  main.o(.text.main)
    __arm_cp.48_23                           0x00001f40   Number         4  main.o(.text.main)
    __arm_cp.48_24                           0x00001f44   Number         4  main.o(.text.main)
    __arm_cp.48_25                           0x00001f48   Number         4  main.o(.text.main)
    __arm_cp.48_26                           0x00001f4c   Number         4  main.o(.text.main)
    __arm_cp.48_27                           0x00001f50   Number         4  main.o(.text.main)
    __arm_cp.48_28                           0x00001f54   Number         4  main.o(.text.main)
    __arm_cp.48_29                           0x00001f58   Number         4  main.o(.text.main)
    __arm_cp.48_30                           0x00001f5c   Number         4  main.o(.text.main)
    __arm_cp.48_31                           0x00001f60   Number         4  main.o(.text.main)
    __arm_cp.48_32                           0x00001f64   Number         4  main.o(.text.main)
    [Anonymous Symbol]                       0x00001f68   Section        0  main.o(.text.red_led)
    __arm_cp.29_1                            0x00001f88   Number         4  main.o(.text.red_led)
    [Anonymous Symbol]                       0x00001f8c   Section        0  main.o(.text.rgb_refresh)
    __arm_cp.10_1                            0x00001fcc   Number         4  main.o(.text.rgb_refresh)
    [Anonymous Symbol]                       0x00001fd0   Section        0  main.o(.text.rgb_set_led)
    [Anonymous Symbol]                       0x00002004   Section        0  main.o(.text.rgb_set_leds)
    __arm_cp.12_0                            0x00002050   Number         4  main.o(.text.rgb_set_leds)
    [Anonymous Symbol]                       0x00002054   Section        0  main.o(.text.spi0_init)
    __arm_cp.5_0                             0x00002084   Number         4  main.o(.text.spi0_init)
    __arm_cp.5_1                             0x00002088   Number         4  main.o(.text.spi0_init)
    __arm_cp.5_2                             0x0000208c   Number         4  main.o(.text.spi0_init)
    __arm_cp.5_3                             0x00002090   Number         4  main.o(.text.spi0_init)
    __arm_cp.5_4                             0x00002094   Number         4  main.o(.text.spi0_init)
    __arm_cp.5_5                             0x00002098   Number         4  main.o(.text.spi0_init)
    [Anonymous Symbol]                       0x0000209c   Section        0  main.o(.text.spi0_write)
    __arm_cp.6_0                             0x000020bc   Number         4  main.o(.text.spi0_write)
    __arm_cp.6_1                             0x000020c0   Number         4  main.o(.text.spi0_write)
    [Anonymous Symbol]                       0x000020c4   Section        0  main.o(.text.yellow_led)
    __arm_cp.30_0                            0x000020e4   Number         4  main.o(.text.yellow_led)
    __arm_cp.30_1                            0x000020e8   Number         4  main.o(.text.yellow_led)
    [Anonymous Symbol]                       0x000020ec   Section        0  main.o(.rodata.str1.1)
    x$fpl$usenofp                            0x000020ec   Section        0  usenofp.o(x$fpl$usenofp)
    .bss                                     0x1ffff098   Section       96  libspace.o(.bss)
    Heap_Mem                                 0x1ffff1b0   Data           0  startup_mkl25z4.o(HEAP)
    Stack_Mem                                0x1ffff1b0   Data         512  startup_mkl25z4.o(STACK)
    HEAP                                     0x1ffff1b0   Section        0  startup_mkl25z4.o(HEAP)
    STACK                                    0x1ffff1b0   Section      512  startup_mkl25z4.o(STACK)
    __initial_sp                             0x1ffff3b0   Data           0  startup_mkl25z4.o(STACK)

    Global Symbols

    Symbol Name                              Value     Ov Type        Size  Object(Section)

    BuildAttributes$$THM_ISAv3M$S$PE$A:L22$X:L11$S22$IEEE1$IW$~IW$USESV6$~STKCKD$USESV7$~SHL$OSPACE$ROPI$EBA8$UX$STANDARDLIB$REQ8$PRES8$EABIv2 0x00000000   Number         0  anon$$obj.o ABSOLUTE
    __Vectors                                0x00000000   Data           4  startup_mkl25z4.o(RESET)
    __ARM_exceptions_init                     - Undefined Weak Reference
    __alloca_initialize                       - Undefined Weak Reference
    __arm_preinit_                            - Undefined Weak Reference
    __arm_relocate_pie_                       - Undefined Weak Reference
    __cpp_initialize__aeabi_                  - Undefined Weak Reference
    __cxa_finalize                            - Undefined Weak Reference
    __rt_locale                               - Undefined Weak Reference
    __sigvec_lookup                           - Undefined Weak Reference
    _atexit_init                              - Undefined Weak Reference
    _call_atexit_fns                          - Undefined Weak Reference
    _clock_init                               - Undefined Weak Reference
    _fp_trap_init                             - Undefined Weak Reference
    _fp_trap_shutdown                         - Undefined Weak Reference
    _get_lc_collate                           - Undefined Weak Reference
    _get_lc_ctype                             - Undefined Weak Reference
    _get_lc_monetary                          - Undefined Weak Reference
    _get_lc_numeric                           - Undefined Weak Reference
    _get_lc_time                              - Undefined Weak Reference
    _getenv_init                              - Undefined Weak Reference
    _handle_redirection                       - Undefined Weak Reference
    _init_alloc                               - Undefined Weak Reference
    _init_user_alloc                          - Undefined Weak Reference
    _initio                                   - Undefined Weak Reference
    _rand_init                                - Undefined Weak Reference
    _signal_finish                            - Undefined Weak Reference
    _signal_init                              - Undefined Weak Reference
    _terminate_alloc                          - Undefined Weak Reference
    _terminate_user_alloc                     - Undefined Weak Reference
    _terminateio                              - Undefined Weak Reference
    __Vectors_End                            0x000000c0   Data           0  startup_mkl25z4.o(RESET)
    __Vectors_Size                           0x000000c0   Number         0  startup_mkl25z4.o ABSOLUTE
    __main                                   0x000000c1   Thumb Code     8  __main.o(!!!main)
    __scatterload                            0x000000c9   Thumb Code     0  __scatter.o(!!!scatter)
    __scatterload_rt2                        0x000000c9   Thumb Code    74  __scatter.o(!!!scatter)
    __scatterload_rt2_thumb_only             0x000000c9   Thumb Code     0  __scatter.o(!!!scatter)
    __scatterload_loop                       0x000000d3   Thumb Code     0  __scatter.o(!!!scatter)
    __scatterload_copy                       0x0000011d   Thumb Code    26  __scatter_copy.o(!!handler_copy)
    __scatterload_null                       0x00000139   Thumb Code     2  __scatter.o(!!handler_null)
    __scatterload_zeroinit                   0x0000013d   Thumb Code    28  __scatter_zi.o(!!handler_zi)
    __rt_lib_init                            0x00000159   Thumb Code     0  libinit.o(.ARM.Collect$$libinit$$00000000)
    __rt_lib_init_alloca_1                   0x0000015b   Thumb Code     0  libinit2.o(.ARM.Collect$$libinit$$00000030)
    __rt_lib_init_argv_1                     0x0000015b   Thumb Code     0  libinit2.o(.ARM.Collect$$libinit$$0000002E)
    __rt_lib_init_atexit_1                   0x0000015b   Thumb Code     0  libinit2.o(.ARM.Collect$$libinit$$0000001D)
    __rt_lib_init_clock_1                    0x0000015b   Thumb Code     0  libinit2.o(.ARM.Collect$$libinit$$00000023)
    __rt_lib_init_cpp_1                      0x0000015b   Thumb Code     0  libinit2.o(.ARM.Collect$$libinit$$00000034)
    __rt_lib_init_exceptions_1               0x0000015b   Thumb Code     0  libinit2.o(.ARM.Collect$$libinit$$00000032)
    __rt_lib_init_fp_1                       0x0000015b   Thumb Code     0  libinit2.o(.ARM.Collect$$libinit$$00000002)
    __rt_lib_init_fp_trap_1                  0x0000015b   Thumb Code     0  libinit2.o(.ARM.Collect$$libinit$$00000021)
    __rt_lib_init_getenv_1                   0x0000015b   Thumb Code     0  libinit2.o(.ARM.Collect$$libinit$$00000025)
    __rt_lib_init_heap_1                     0x0000015b   Thumb Code     0  libinit2.o(.ARM.Collect$$libinit$$0000000C)
    __rt_lib_init_lc_collate_1               0x0000015b   Thumb Code     0  libinit2.o(.ARM.Collect$$libinit$$00000013)
    __rt_lib_init_lc_ctype_1                 0x0000015b   Thumb Code     0  libinit2.o(.ARM.Collect$$libinit$$00000015)
    __rt_lib_init_lc_monetary_1              0x0000015b   Thumb Code     0  libinit2.o(.ARM.Collect$$libinit$$00000017)
    __rt_lib_init_lc_numeric_1               0x0000015b   Thumb Code     0  libinit2.o(.ARM.Collect$$libinit$$00000019)
    __rt_lib_init_lc_time_1                  0x0000015b   Thumb Code     0  libinit2.o(.ARM.Collect$$libinit$$0000001B)
    __rt_lib_init_preinit_1                  0x0000015b   Thumb Code     0  libinit2.o(.ARM.Collect$$libinit$$00000006)
    __rt_lib_init_rand_1                     0x0000015b   Thumb Code     0  libinit2.o(.ARM.Collect$$libinit$$00000010)
    __rt_lib_init_relocate_pie_1             0x0000015b   Thumb Code     0  libinit2.o(.ARM.Collect$$libinit$$00000004)
    __rt_lib_init_return                     0x0000015b   Thumb Code     0  libinit2.o(.ARM.Collect$$libinit$$00000035)
    __rt_lib_init_signal_1                   0x0000015b   Thumb Code     0  libinit2.o(.ARM.Collect$$libinit$$0000001F)
    __rt_lib_init_stdio_1                    0x0000015b   Thumb Code     0  libinit2.o(.ARM.Collect$$libinit$$00000027)
    __rt_lib_init_user_alloc_1               0x0000015b   Thumb Code     0  libinit2.o(.ARM.Collect$$libinit$$0000000E)
    __rt_lib_shutdown                        0x0000015d   Thumb Code     0  libshutdown.o(.ARM.Collect$$libshutdown$$00000000)
    __rt_lib_shutdown_cpp_1                  0x0000015f   Thumb Code     0  libshutdown2.o(.ARM.Collect$$libshutdown$$00000002)
    __rt_lib_shutdown_fp_trap_1              0x0000015f   Thumb Code     0  libshutdown2.o(.ARM.Collect$$libshutdown$$00000007)
    __rt_lib_shutdown_heap_1                 0x0000015f   Thumb Code     0  libshutdown2.o(.ARM.Collect$$libshutdown$$0000000F)
    __rt_lib_shutdown_return                 0x0000015f   Thumb Code     0  libshutdown2.o(.ARM.Collect$$libshutdown$$00000010)
    __rt_lib_shutdown_signal_1               0x0000015f   Thumb Code     0  libshutdown2.o(.ARM.Collect$$libshutdown$$0000000A)
    __rt_lib_shutdown_stdio_1                0x0000015f   Thumb Code     0  libshutdown2.o(.ARM.Collect$$libshutdown$$00000004)
    __rt_lib_shutdown_user_alloc_1           0x0000015f   Thumb Code     0  libshutdown2.o(.ARM.Collect$$libshutdown$$0000000C)
    __rt_entry                               0x00000161   Thumb Code     0  __rtentry.o(.ARM.Collect$$rtentry$$00000000)
    __rt_entry_presh_1                       0x00000161   Thumb Code     0  __rtentry2.o(.ARM.Collect$$rtentry$$00000002)
    __rt_entry_sh                            0x00000161   Thumb Code     0  __rtentry4.o(.ARM.Collect$$rtentry$$00000004)
    __rt_entry_li                            0x00000167   Thumb Code     0  __rtentry2.o(.ARM.Collect$$rtentry$$0000000A)
    __rt_entry_postsh_1                      0x00000167   Thumb Code     0  __rtentry2.o(.ARM.Collect$$rtentry$$00000009)
    __rt_entry_main                          0x0000016b   Thumb Code     0  __rtentry2.o(.ARM.Collect$$rtentry$$0000000D)
    __rt_entry_postli_1                      0x0000016b   Thumb Code     0  __rtentry2.o(.ARM.Collect$$rtentry$$0000000C)
    __rt_exit                                0x00000173   Thumb Code     0  rtexit.o(.ARM.Collect$$rtexit$$00000000)
    __rt_exit_ls                             0x00000175   Thumb Code     0  rtexit2.o(.ARM.Collect$$rtexit$$00000003)
    __rt_exit_prels_1                        0x00000175   Thumb Code     0  rtexit2.o(.ARM.Collect$$rtexit$$00000002)
    __rt_exit_exit                           0x00000179   Thumb Code     0  rtexit2.o(.ARM.Collect$$rtexit$$00000004)
    Reset_Handler                            0x00000181   Thumb Code    12  startup_mkl25z4.o(.text)
    NMI_Handler                              0x0000018d   Thumb Code     2  startup_mkl25z4.o(.text)
    HardFault_Handler                        0x0000018f   Thumb Code     2  startup_mkl25z4.o(.text)
    SVC_Handler                              0x00000191   Thumb Code     2  startup_mkl25z4.o(.text)
    PendSV_Handler                           0x00000193   Thumb Code     2  startup_mkl25z4.o(.text)
    ADC0_IRQHandler                          0x00000197   Thumb Code     0  startup_mkl25z4.o(.text)
    CMP0_IRQHandler                          0x00000197   Thumb Code     0  startup_mkl25z4.o(.text)
    DAC0_IRQHandler                          0x00000197   Thumb Code     0  startup_mkl25z4.o(.text)
    DMA0_IRQHandler                          0x00000197   Thumb Code     0  startup_mkl25z4.o(.text)
    DMA1_IRQHandler                          0x00000197   Thumb Code     0  startup_mkl25z4.o(.text)
    DMA2_IRQHandler                          0x00000197   Thumb Code     0  startup_mkl25z4.o(.text)
    DMA3_IRQHandler                          0x00000197   Thumb Code     0  startup_mkl25z4.o(.text)
    DefaultISR                               0x00000197   Thumb Code     0  startup_mkl25z4.o(.text)
    FTFA_IRQHandler                          0x00000197   Thumb Code     0  startup_mkl25z4.o(.text)
    I2C0_IRQHandler                          0x00000197   Thumb Code     0  startup_mkl25z4.o(.text)
    I2C1_IRQHandler                          0x00000197   Thumb Code     0  startup_mkl25z4.o(.text)
    LLWU_IRQHandler                          0x00000197   Thumb Code     0  startup_mkl25z4.o(.text)
    LPTMR0_IRQHandler                        0x00000197   Thumb Code     0  startup_mkl25z4.o(.text)
    LVD_LVW_IRQHandler                       0x00000197   Thumb Code     0  startup_mkl25z4.o(.text)
    MCG_IRQHandler                           0x00000197   Thumb Code     0  startup_mkl25z4.o(.text)
    PIT_IRQHandler                           0x00000197   Thumb Code     0  startup_mkl25z4.o(.text)
    PORTA_IRQHandler                         0x00000197   Thumb Code     0  startup_mkl25z4.o(.text)
    PORTD_IRQHandler                         0x00000197   Thumb Code     0  startup_mkl25z4.o(.text)
    RTC_IRQHandler                           0x00000197   Thumb Code     0  startup_mkl25z4.o(.text)
    RTC_Seconds_IRQHandler                   0x00000197   Thumb Code     0  startup_mkl25z4.o(.text)
    Reserved20_IRQHandler                    0x00000197   Thumb Code     0  startup_mkl25z4.o(.text)
    Reserved39_IRQHandler                    0x00000197   Thumb Code     0  startup_mkl25z4.o(.text)
    Reserved45_IRQHandler                    0x00000197   Thumb Code     0  startup_mkl25z4.o(.text)
    SPI0_IRQHandler                          0x00000197   Thumb Code     0  startup_mkl25z4.o(.text)
    SPI1_IRQHandler                          0x00000197   Thumb Code     0  startup_mkl25z4.o(.text)
    TPM0_IRQHandler                          0x00000197   Thumb Code     0  startup_mkl25z4.o(.text)
    TPM1_IRQHandler                          0x00000197   Thumb Code     0  startup_mkl25z4.o(.text)
    TPM2_IRQHandler                          0x00000197   Thumb Code     0  startup_mkl25z4.o(.text)
    TSI0_IRQHandler                          0x00000197   Thumb Code     0  startup_mkl25z4.o(.text)
    UART0_IRQHandler                         0x00000197   Thumb Code     0  startup_mkl25z4.o(.text)
    UART1_IRQHandler                         0x00000197   Thumb Code     0  startup_mkl25z4.o(.text)
    UART2_IRQHandler                         0x00000197   Thumb Code     0  startup_mkl25z4.o(.text)
    USB0_IRQHandler                          0x00000197   Thumb Code     0  startup_mkl25z4.o(.text)
    __user_initial_stackheap                 0x0000019d   Thumb Code     0  startup_mkl25z4.o(.text)
    __aeabi_lmul                             0x000001c1   Thumb Code    48  llmul.o(.text)
    _ll_mul                                  0x000001c1   Thumb Code     0  llmul.o(.text)
    __aeabi_uldivmod                         0x000001f1   Thumb Code   272  lludiv.o(.text)
    _ll_udiv                                 0x000001f1   Thumb Code     0  lludiv.o(.text)
    strlen                                   0x00000301   Thumb Code    62  strlen.o(.text)
    strcat                                   0x00000345   Thumb Code    24  strcat.o(.text)
    strncpy                                  0x0000035d   Thumb Code   104  strncpy.o(.text)
    __use_two_region_memory                  0x000003c9   Thumb Code     2  heapauxi.o(.text)
    __rt_heap_escrow$2region                 0x000003cb   Thumb Code     2  heapauxi.o(.text)
    __rt_heap_expand$2region                 0x000003cd   Thumb Code     2  heapauxi.o(.text)
    exit                                     0x000003cf   Thumb Code    16  exit.o(.text)
    __user_libspace                          0x000003e1   Thumb Code     8  libspace.o(.text)
    __user_perproc_libspace                  0x000003e1   Thumb Code     0  libspace.o(.text)
    __user_perthread_libspace                0x000003e1   Thumb Code     0  libspace.o(.text)
    _sys_exit                                0x000003e9   Thumb Code     8  sys_exit.o(.text)
    __I$use$semihosting                      0x000003f5   Thumb Code     0  use_no_semi.o(.text)
    __use_no_semihosting_swi                 0x000003f5   Thumb Code     2  use_no_semi.o(.text)
    LCD_clear                                0x000003f7   Thumb Code    10  main.o(.text.LCD_clear)
    __semihosting_library_function           0x000003f7   Thumb Code     0  indicate_semi.o(.text)
    __aeabi_uidiv                            0x00000411   Thumb Code     0  aeabi_sdiv.o(.text)
    __aeabi_uidivmod                         0x00000411   Thumb Code    20  aeabi_sdiv.o(.text)
    __aeabi_idiv                             0x00000425   Thumb Code     0  aeabi_sdiv.o(.text)
    __aeabi_idivmod                          0x00000425   Thumb Code   338  aeabi_sdiv.o(.text)
    __aeabi_d2iz                             0x0000057d   Thumb Code     0  dfixi.o(.text)
    _dfix                                    0x0000057d   Thumb Code    98  dfixi.o(.text)
    __aeabi_i2d_normalise                    0x000005e9   Thumb Code    66  dflti.o(.text)
    __aeabi_i2d                              0x0000062b   Thumb Code    16  dflti.o(.text)
    _dflt                                    0x0000062b   Thumb Code     0  dflti.o(.text)
    __aeabi_ui2d                             0x0000063b   Thumb Code     6  dflti.o(.text)
    _dfltu                                   0x0000063b   Thumb Code     0  dflti.o(.text)
    __aeabi_dmul                             0x00000641   Thumb Code     0  dmul.o(.text)
    __muldf3                                 0x00000641   Thumb Code     0  dmul.o(.text)
    _dmul                                    0x00000641   Thumb Code   558  dmul.o(.text)
    _memset_w                                0x00000889   Thumb Code    26  rt_memclr.o(.text)
    _memset                                  0x000008a3   Thumb Code    30  rt_memclr.o(.text)
    __aeabi_memclr                           0x000008c1   Thumb Code     4  rt_memclr.o(.text)
    __rt_memclr                              0x000008c1   Thumb Code     0  rt_memclr.o(.text)
    __aeabi_memclr4                          0x000008c5   Thumb Code     0  rt_memclr.o(.text)
    __aeabi_memclr8                          0x000008c5   Thumb Code     0  rt_memclr.o(.text)
    __rt_memclr_w                            0x000008c5   Thumb Code     4  rt_memclr.o(.text)
    __user_setup_stackheap                   0x000008c9   Thumb Code    62  sys_stackheap_outer.o(.text)
    LCD_create_char                          0x00000907   Thumb Code    76  main.o(.text.LCD_create_char)
    LCD_home                                 0x00000953   Thumb Code    10  main.o(.text.LCD_home)
    LCD_init                                 0x0000095d   Thumb Code   168  main.o(.text.LCD_init)
    LCD_pulse_enable                         0x00000a2d   Thumb Code    40  main.o(.text.LCD_pulse_enable)
    LCD_send_command                         0x00000a55   Thumb Code    76  main.o(.text.LCD_send_command)
    LCD_send_data                            0x00000aa1   Thumb Code    52  main.o(.text.LCD_send_data)
    LCD_send_number                          0x00000ad5   Thumb Code    70  main.o(.text.LCD_send_number)
    LCD_send_string                          0x00000b1b   Thumb Code    76  main.o(.text.LCD_send_string)
    LCD_set_cursor                           0x00000b67   Thumb Code    54  main.o(.text.LCD_set_cursor)
    LCD_write_nibble                         0x00000b9d   Thumb Code    32  main.o(.text.LCD_write_nibble)
    LED_init                                 0x00000bc1   Thumb Code    32  main.o(.text.LED_init)
    PWM_init                                 0x00000bed   Thumb Code    72  main.o(.text.PWM_init)
    SysTick_Handler                          0x00000cb1   Thumb Code    24  main.o(.text.SysTick_Handler)
    SystemInit                               0x00000cd1   Thumb Code     8  system_mkl25z4.o(.text.SystemInit)
    adc_read                                 0x00000d7d   Thumb Code    44  main.o(.text.adc_read)
    apa102_end_frame                         0x00000db1   Thumb Code    34  main.o(.text.apa102_end_frame)
    apa102_send_led                          0x00000dd3   Thumb Code    72  main.o(.text.apa102_send_led)
    apa102_start_frame                       0x00000e1b   Thumb Code    34  main.o(.text.apa102_start_frame)
    bpm_led_task                             0x00000e3d   Thumb Code   616  main.o(.text.bpm_led_task)
    button_center_falling_handler            0x000010cd   Thumb Code     2  main.o(.text.button_center_falling_handler)
    button_center_rising_handler             0x000010d1   Thumb Code   164  main.o(.text.button_center_rising_handler)
    button_down_falling_handler              0x00001175   Thumb Code     2  main.o(.text.button_down_falling_handler)
    button_down_rising_handler               0x00001177   Thumb Code     2  main.o(.text.button_down_rising_handler)
    button_left_falling_handler              0x00001179   Thumb Code    56  main.o(.text.button_left_falling_handler)
    button_left_rising_handler               0x000011b1   Thumb Code   104  main.o(.text.button_left_rising_handler)
    button_right_falling_handler             0x00001219   Thumb Code    52  main.o(.text.button_right_falling_handler)
    button_right_rising_handler              0x0000124d   Thumb Code    88  main.o(.text.button_right_rising_handler)
    button_task                              0x000012ad   Thumb Code   516  main.o(.text.button_task)
    button_up_falling_handler                0x000014e5   Thumb Code    10  main.o(.text.button_up_falling_handler)
    button_up_rising_handler                 0x000014ef   Thumb Code    10  main.o(.text.button_up_rising_handler)
    buttons_init                             0x000014f9   Thumb Code    52  main.o(.text.buttons_init)
    delay                                    0x00001549   Thumb Code    24  main.o(.text.delay)
    delay_ms                                 0x00001561   Thumb Code    60  main.o(.text.delay_ms)
    get_safe_time                            0x000015a1   Thumb Code    28  main.o(.text.get_safe_time)
    get_slide_frame                          0x000015c1   Thumb Code   212  main.o(.text.get_slide_frame)
    green_led                                0x0000169d   Thumb Code    36  main.o(.text.green_led)
    init_adc                                 0x000016c9   Thumb Code    32  main.o(.text.init_adc)
    main                                     0x000016f9   Thumb Code  2052  main.o(.text.main)
    red_led                                  0x00001f69   Thumb Code    32  main.o(.text.red_led)
    rgb_refresh                              0x00001f8d   Thumb Code    64  main.o(.text.rgb_refresh)
    rgb_set_led                              0x00001fd1   Thumb Code    52  main.o(.text.rgb_set_led)
    rgb_set_leds                             0x00002005   Thumb Code    76  main.o(.text.rgb_set_leds)
    spi0_init                                0x00002055   Thumb Code    48  main.o(.text.spi0_init)
    spi0_write                               0x0000209d   Thumb Code    32  main.o(.text.spi0_write)
    yellow_led                               0x000020c5   Thumb Code    32  main.o(.text.yellow_led)
    __I$use$fp                               0x000020ec   Number         0  usenofp.o(x$fpl$usenofp)
    Region$$Table$$Base                      0x0000219c   Number         0  anon$$obj.o(Region$$Table)
    Region$$Table$$Limit                     0x000021bc   Number         0  anon$$obj.o(Region$$Table)
    LEFT_ARROW                               0x1ffff000   Data           8  main.o(.data.LEFT_ARROW)
    LEFT_ARROW_INV                           0x1ffff008   Data           8  main.o(.data.LEFT_ARROW_INV)
    RIGHT_ARROW                              0x1ffff010   Data           8  main.o(.data.RIGHT_ARROW)
    RIGHT_ARROW_INV                          0x1ffff018   Data           8  main.o(.data.RIGHT_ARROW_INV)
    STARTUP_LOGO                             0x1ffff020   Data          64  main.o(.data.STARTUP_LOGO)
    credits_text                             0x1ffff060   Data           4  main.o(.data.credits_text)
    last_screen                              0x1ffff064   Data           4  main.o(.data.last_screen)
    menu_options_text                        0x1ffff068   Data          20  main.o(.data.menu_options_text)
    rgb_brightness                           0x1ffff07c   Data           1  main.o(.data.rgb_brightness)
    screen                                   0x1ffff080   Data           4  main.o(.data.screen)
    t                                        0x1ffff088   Data           8  main.o(.data.t)
    t_unsafe                                 0x1ffff090   Data           8  main.o(.data.t_unsafe)
    __libspace_start                         0x1ffff098   Data          96  libspace.o(.bss)
    __temporary_stack_top$libspace           0x1ffff0f8   Data           0  libspace.o(.bss)
    adc_value_state                          0x1ffff0f8   Data           4  main.o(.bss.adc_value_state)
    bpm                                      0x1ffff0fc   Data           4  main.o(.bss.bpm)
    bpm_active                               0x1ffff100   Data           4  main.o(.bss.bpm_active)
    button_center_state                      0x1ffff104   Data           1  main.o(.bss.button_center_state)
    button_center_timer                      0x1ffff108   Data           8  main.o(.bss.button_center_timer)
    button_down_state                        0x1ffff110   Data           1  main.o(.bss.button_down_state)
    button_down_timer                        0x1ffff118   Data           8  main.o(.bss.button_down_timer)
    button_left_state                        0x1ffff120   Data           1  main.o(.bss.button_left_state)
    button_left_timer                        0x1ffff128   Data           8  main.o(.bss.button_left_timer)
    button_right_state                       0x1ffff130   Data           1  main.o(.bss.button_right_state)
    button_right_timer                       0x1ffff138   Data           8  main.o(.bss.button_right_timer)
    button_up_state                          0x1ffff140   Data           1  main.o(.bss.button_up_state)
    button_up_timer                          0x1ffff148   Data           8  main.o(.bss.button_up_timer)
    credits_scroll_index                     0x1ffff150   Data           4  main.o(.bss.credits_scroll_index)
    credits_scroll_text                      0x1ffff154   Data           9  main.o(.bss.credits_scroll_text)
    credits_scroll_timer                     0x1ffff160   Data           8  main.o(.bss.credits_scroll_timer)
    last_rising_edge_t                       0x1ffff168   Data           8  main.o(.bss.last_rising_edge_t)
    lcd_update_timer                         0x1ffff170   Data           8  main.o(.bss.lcd_update_timer)
    menu_option_slide                        0x1ffff178   Data           4  main.o(.bss.menu_option_slide)
    menu_option_slide_timer                  0x1ffff180   Data           8  main.o(.bss.menu_option_slide_timer)
    period                                   0x1ffff188   Data           4  main.o(.bss.period)
    period_ms                                0x1ffff18c   Data           4  main.o(.bss.period_ms)
    rgb_leds                                 0x1ffff190   Data          18  main.o(.bss.rgb_leds)
    test_mode_index                          0x1ffff1a4   Data           4  main.o(.bss.test_mode_index)
    test_mode_timer                          0x1ffff1a8   Data           8  main.o(.bss.test_mode_timer)



==============================================================================

Memory Map of the image

  Image Entry point : 0x00000181

  Load Region LR_1 (Base: 0x00000000, Size: 0x00002258, Max: 0xffffffff, ABSOLUTE)

    Execution Region ER_RO (Exec base: 0x00000000, Load base: 0x00000000, Size: 0x000021bc, Max: 0xffffffff, ABSOLUTE)

    Exec Addr    Load Addr    Size         Type   Attr      Idx    E Section Name        Object

    0x00000000   0x00000000   0x000000c0   Data   RO          152    RESET               startup_mkl25z4.o
    0x000000c0   0x000000c0   0x00000008   Code   RO          192  * !!!main             c_p.l(__main.o)
    0x000000c8   0x000000c8   0x00000054   Code   RO          382    !!!scatter          c_p.l(__scatter.o)
    0x0000011c   0x0000011c   0x0000001a   Code   RO          386    !!handler_copy      c_p.l(__scatter_copy.o)
    0x00000136   0x00000136   0x00000002   PAD
    0x00000138   0x00000138   0x00000002   Code   RO          383    !!handler_null      c_p.l(__scatter.o)
    0x0000013a   0x0000013a   0x00000002   PAD
    0x0000013c   0x0000013c   0x0000001c   Code   RO          388    !!handler_zi        c_p.l(__scatter_zi.o)
    0x00000158   0x00000158   0x00000002   Code   RO          243    .ARM.Collect$$libinit$$00000000  c_p.l(libinit.o)
    0x0000015a   0x0000015a   0x00000000   Code   RO          257    .ARM.Collect$$libinit$$00000002  c_p.l(libinit2.o)
    0x0000015a   0x0000015a   0x00000000   Code   RO          259    .ARM.Collect$$libinit$$00000004  c_p.l(libinit2.o)
    0x0000015a   0x0000015a   0x00000000   Code   RO          261    .ARM.Collect$$libinit$$00000006  c_p.l(libinit2.o)
    0x0000015a   0x0000015a   0x00000000   Code   RO          264    .ARM.Collect$$libinit$$0000000C  c_p.l(libinit2.o)
    0x0000015a   0x0000015a   0x00000000   Code   RO          266    .ARM.Collect$$libinit$$0000000E  c_p.l(libinit2.o)
    0x0000015a   0x0000015a   0x00000000   Code   RO          268    .ARM.Collect$$libinit$$00000010  c_p.l(libinit2.o)
    0x0000015a   0x0000015a   0x00000000   Code   RO          271    .ARM.Collect$$libinit$$00000013  c_p.l(libinit2.o)
    0x0000015a   0x0000015a   0x00000000   Code   RO          273    .ARM.Collect$$libinit$$00000015  c_p.l(libinit2.o)
    0x0000015a   0x0000015a   0x00000000   Code   RO          275    .ARM.Collect$$libinit$$00000017  c_p.l(libinit2.o)
    0x0000015a   0x0000015a   0x00000000   Code   RO          277    .ARM.Collect$$libinit$$00000019  c_p.l(libinit2.o)
    0x0000015a   0x0000015a   0x00000000   Code   RO          279    .ARM.Collect$$libinit$$0000001B  c_p.l(libinit2.o)
    0x0000015a   0x0000015a   0x00000000   Code   RO          281    .ARM.Collect$$libinit$$0000001D  c_p.l(libinit2.o)
    0x0000015a   0x0000015a   0x00000000   Code   RO          283    .ARM.Collect$$libinit$$0000001F  c_p.l(libinit2.o)
    0x0000015a   0x0000015a   0x00000000   Code   RO          285    .ARM.Collect$$libinit$$00000021  c_p.l(libinit2.o)
    0x0000015a   0x0000015a   0x00000000   Code   RO          287    .ARM.Collect$$libinit$$00000023  c_p.l(libinit2.o)
    0x0000015a   0x0000015a   0x00000000   Code   RO          289    .ARM.Collect$$libinit$$00000025  c_p.l(libinit2.o)
    0x0000015a   0x0000015a   0x00000000   Code   RO          291    .ARM.Collect$$libinit$$00000027  c_p.l(libinit2.o)
    0x0000015a   0x0000015a   0x00000000   Code   RO          295    .ARM.Collect$$libinit$$0000002E  c_p.l(libinit2.o)
    0x0000015a   0x0000015a   0x00000000   Code   RO          297    .ARM.Collect$$libinit$$00000030  c_p.l(libinit2.o)
    0x0000015a   0x0000015a   0x00000000   Code   RO          299    .ARM.Collect$$libinit$$00000032  c_p.l(libinit2.o)
    0x0000015a   0x0000015a   0x00000000   Code   RO          301    .ARM.Collect$$libinit$$00000034  c_p.l(libinit2.o)
    0x0000015a   0x0000015a   0x00000002   Code   RO          302    .ARM.Collect$$libinit$$00000035  c_p.l(libinit2.o)
    0x0000015c   0x0000015c   0x00000002   Code   RO          337    .ARM.Collect$$libshutdown$$00000000  c_p.l(libshutdown.o)
    0x0000015e   0x0000015e   0x00000000   Code   RO          365    .ARM.Collect$$libshutdown$$00000002  c_p.l(libshutdown2.o)
    0x0000015e   0x0000015e   0x00000000   Code   RO          367    .ARM.Collect$$libshutdown$$00000004  c_p.l(libshutdown2.o)
    0x0000015e   0x0000015e   0x00000000   Code   RO          370    .ARM.Collect$$libshutdown$$00000007  c_p.l(libshutdown2.o)
    0x0000015e   0x0000015e   0x00000000   Code   RO          373    .ARM.Collect$$libshutdown$$0000000A  c_p.l(libshutdown2.o)
    0x0000015e   0x0000015e   0x00000000   Code   RO          375    .ARM.Collect$$libshutdown$$0000000C  c_p.l(libshutdown2.o)
    0x0000015e   0x0000015e   0x00000000   Code   RO          378    .ARM.Collect$$libshutdown$$0000000F  c_p.l(libshutdown2.o)
    0x0000015e   0x0000015e   0x00000002   Code   RO          379    .ARM.Collect$$libshutdown$$00000010  c_p.l(libshutdown2.o)
    0x00000160   0x00000160   0x00000000   Code   RO          200    .ARM.Collect$$rtentry$$00000000  c_p.l(__rtentry.o)
    0x00000160   0x00000160   0x00000000   Code   RO          213    .ARM.Collect$$rtentry$$00000002  c_p.l(__rtentry2.o)
    0x00000160   0x00000160   0x00000006   Code   RO          225    .ARM.Collect$$rtentry$$00000004  c_p.l(__rtentry4.o)
    0x00000166   0x00000166   0x00000000   Code   RO          215    .ARM.Collect$$rtentry$$00000009  c_p.l(__rtentry2.o)
    0x00000166   0x00000166   0x00000004   Code   RO          216    .ARM.Collect$$rtentry$$0000000A  c_p.l(__rtentry2.o)
    0x0000016a   0x0000016a   0x00000000   Code   RO          218    .ARM.Collect$$rtentry$$0000000C  c_p.l(__rtentry2.o)
    0x0000016a   0x0000016a   0x00000008   Code   RO          219    .ARM.Collect$$rtentry$$0000000D  c_p.l(__rtentry2.o)
    0x00000172   0x00000172   0x00000002   Code   RO          248    .ARM.Collect$$rtexit$$00000000  c_p.l(rtexit.o)
    0x00000174   0x00000174   0x00000000   Code   RO          308    .ARM.Collect$$rtexit$$00000002  c_p.l(rtexit2.o)
    0x00000174   0x00000174   0x00000004   Code   RO          309    .ARM.Collect$$rtexit$$00000003  c_p.l(rtexit2.o)
    0x00000178   0x00000178   0x00000006   Code   RO          310    .ARM.Collect$$rtexit$$00000004  c_p.l(rtexit2.o)
    0x0000017e   0x0000017e   0x00000002   PAD
    0x00000180   0x00000180   0x00000040   Code   RO          154  * .text               startup_mkl25z4.o
    0x000001c0   0x000001c0   0x00000030   Code   RO          176    .text               c_p.l(llmul.o)
    0x000001f0   0x000001f0   0x00000110   Code   RO          178    .text               c_p.l(lludiv.o)
    0x00000300   0x00000300   0x00000044   Code   RO          180    .text               c_p.l(strlen.o)
    0x00000344   0x00000344   0x00000018   Code   RO          182    .text               c_p.l(strcat.o)
    0x0000035c   0x0000035c   0x0000006c   Code   RO          184    .text               c_p.l(strncpy.o)
    0x000003c8   0x000003c8   0x00000006   Code   RO          190    .text               c_p.l(heapauxi.o)
    0x000003ce   0x000003ce   0x00000010   Code   RO          232    .text               c_p.l(exit.o)
    0x000003de   0x000003de   0x00000002   PAD
    0x000003e0   0x000003e0   0x00000008   Code   RO          244    .text               c_p.l(libspace.o)
    0x000003e8   0x000003e8   0x0000000c   Code   RO          303    .text               c_p.l(sys_exit.o)
    0x000003f4   0x000003f4   0x00000002   Code   RO          326    .text               c_p.l(use_no_semi.o)
    0x000003f6   0x000003f6   0x00000000   Code   RO          328    .text               c_p.l(indicate_semi.o)
    0x000003f6   0x000003f6   0x0000000a   Code   RO           34    .text.LCD_clear     main.o
    0x00000400   0x00000400   0x00000010   Code   RO          153    .ARM.__at_0x400     startup_mkl25z4.o
    0x00000410   0x00000410   0x0000016c   Code   RO          186    .text               c_p.l(aeabi_sdiv.o)
    0x0000057c   0x0000057c   0x0000006c   Code   RO          194    .text               fz_ps.l(dfixi.o)
    0x000005e8   0x000005e8   0x00000058   Code   RO          196    .text               fz_ps.l(dflti.o)
    0x00000640   0x00000640   0x00000248   Code   RO          198    .text               fz_ps.l(dmul.o)
    0x00000888   0x00000888   0x00000040   Code   RO          209    .text               c_p.l(rt_memclr.o)
    0x000008c8   0x000008c8   0x0000003e   Code   RO          229    .text               c_p.l(sys_stackheap_outer.o)
    0x00000906   0x00000906   0x0000004c   Code   RO           52    .text.LCD_create_char  main.o
    0x00000952   0x00000952   0x0000000a   Code   RO           36    .text.LCD_home      main.o
    0x0000095c   0x0000095c   0x000000d0   Code   RO           40    .text.LCD_init      main.o
    0x00000a2c   0x00000a2c   0x00000028   Code   RO           28    .text.LCD_pulse_enable  main.o
    0x00000a54   0x00000a54   0x0000004c   Code   RO           32    .text.LCD_send_command  main.o
    0x00000aa0   0x00000aa0   0x00000034   Code   RO           38    .text.LCD_send_data  main.o
    0x00000ad4   0x00000ad4   0x00000046   Code   RO           48    .text.LCD_send_number  main.o
    0x00000b1a   0x00000b1a   0x0000004c   Code   RO           50    .text.LCD_send_string  main.o
    0x00000b66   0x00000b66   0x00000036   Code   RO           54    .text.LCD_set_cursor  main.o
    0x00000b9c   0x00000b9c   0x00000024   Code   RO           30    .text.LCD_write_nibble  main.o
    0x00000bc0   0x00000bc0   0x0000002c   Code   RO           58    .text.LED_init      main.o
    0x00000bec   0x00000bec   0x00000074   Code   RO           56    .text.PWM_init      main.o
    0x00000c60   0x00000c60   0x00000050   Code   RO          100    .text.SysTick_Config  main.o
    0x00000cb0   0x00000cb0   0x00000020   Code   RO            4    .text.SysTick_Handler  main.o
    0x00000cd0   0x00000cd0   0x0000000c   Code   RO          163    .text.SystemInit    system_mkl25z4.o
    0x00000cdc   0x00000cdc   0x00000084   Code   RO          102    .text.__NVIC_SetPriority  main.o
    0x00000d60   0x00000d60   0x0000001c   Code   RO           86    .text.__NVIC_SystemReset  main.o
    0x00000d7c   0x00000d7c   0x00000034   Code   RO           94    .text.adc_read      main.o
    0x00000db0   0x00000db0   0x00000022   Code   RO           18    .text.apa102_end_frame  main.o
    0x00000dd2   0x00000dd2   0x00000048   Code   RO           20    .text.apa102_send_led  main.o
    0x00000e1a   0x00000e1a   0x00000022   Code   RO           16    .text.apa102_start_frame  main.o
    0x00000e3c   0x00000e3c   0x00000290   Code   RO           96    .text.bpm_led_task  main.o
    0x000010cc   0x000010cc   0x00000002   Code   RO           88    .text.button_center_falling_handler  main.o
    0x000010ce   0x000010ce   0x00000002   PAD
    0x000010d0   0x000010d0   0x000000a4   Code   RO           84    .text.button_center_rising_handler  main.o
    0x00001174   0x00001174   0x00000002   Code   RO           82    .text.button_down_falling_handler  main.o
    0x00001176   0x00001176   0x00000002   Code   RO           80    .text.button_down_rising_handler  main.o
    0x00001178   0x00001178   0x00000038   Code   RO           74    .text.button_left_falling_handler  main.o
    0x000011b0   0x000011b0   0x00000068   Code   RO           72    .text.button_left_rising_handler  main.o
    0x00001218   0x00001218   0x00000034   Code   RO           78    .text.button_right_falling_handler  main.o
    0x0000124c   0x0000124c   0x00000060   Code   RO           76    .text.button_right_rising_handler  main.o
    0x000012ac   0x000012ac   0x00000238   Code   RO           90    .text.button_task   main.o
    0x000014e4   0x000014e4   0x0000000a   Code   RO           70    .text.button_up_falling_handler  main.o
    0x000014ee   0x000014ee   0x0000000a   Code   RO           68    .text.button_up_rising_handler  main.o
    0x000014f8   0x000014f8   0x00000050   Code   RO           66    .text.buttons_init  main.o
    0x00001548   0x00001548   0x00000018   Code   RO            8    .text.delay         main.o
    0x00001560   0x00001560   0x00000040   Code   RO           10    .text.delay_ms      main.o
    0x000015a0   0x000015a0   0x00000020   Code   RO            6    .text.get_safe_time  main.o
    0x000015c0   0x000015c0   0x000000dc   Code   RO            2    .text.get_slide_frame  main.o
    0x0000169c   0x0000169c   0x0000002c   Code   RO           64    .text.green_led     main.o
    0x000016c8   0x000016c8   0x00000030   Code   RO           92    .text.init_adc      main.o
    0x000016f8   0x000016f8   0x00000870   Code   RO           98    .text.main          main.o
    0x00001f68   0x00001f68   0x00000024   Code   RO           60    .text.red_led       main.o
    0x00001f8c   0x00001f8c   0x00000044   Code   RO           22    .text.rgb_refresh   main.o
    0x00001fd0   0x00001fd0   0x00000034   Code   RO           24    .text.rgb_set_led   main.o
    0x00002004   0x00002004   0x00000050   Code   RO           26    .text.rgb_set_leds  main.o
    0x00002054   0x00002054   0x00000048   Code   RO           12    .text.spi0_init     main.o
    0x0000209c   0x0000209c   0x00000028   Code   RO           14    .text.spi0_write    main.o
    0x000020c4   0x000020c4   0x00000028   Code   RO           62    .text.yellow_led    main.o
    0x000020ec   0x000020ec   0x00000000   Code   RO          211    x$fpl$usenofp       fz_ps.l(usenofp.o)
    0x000020ec   0x000020ec   0x000000b0   Data   RO          116    .rodata.str1.1      main.o
    0x0000219c   0x0000219c   0x00000020   Data   RO          381    Region$$Table       anon$$obj.o


    Execution Region ER_RW (Exec base: 0x1ffff000, Load base: 0x000021c0, Size: 0x00000098, Max: 0xffffffff, ABSOLUTE)

    Exec Addr    Load Addr    Size         Type   Attr      Idx    E Section Name        Object

    0x1ffff000   0x000021c0   0x00000008   Data   RW          127    .data.LEFT_ARROW    main.o
    0x1ffff008   0x000021c8   0x00000008   Data   RW          129    .data.LEFT_ARROW_INV  main.o
    0x1ffff010   0x000021d0   0x00000008   Data   RW          128    .data.RIGHT_ARROW   main.o
    0x1ffff018   0x000021d8   0x00000008   Data   RW          130    .data.RIGHT_ARROW_INV  main.o
    0x1ffff020   0x000021e0   0x00000040   Data   RW          126    .data.STARTUP_LOGO  main.o
    0x1ffff060   0x00002220   0x00000004   Data   RW          118    .data.credits_text  main.o
    0x1ffff064   0x00002224   0x00000004   Data   RW          115    .data.last_screen   main.o
    0x1ffff068   0x00002228   0x00000014   Data   RW          117    .data.menu_options_text  main.o
    0x1ffff07c   0x0000223c   0x00000001   Data   RW          124    .data.rgb_brightness  main.o
    0x1ffff07d   0x0000223d   0x00000003   PAD
    0x1ffff080   0x00002240   0x00000004   Data   RW          114    .data.screen        main.o
    0x1ffff084   0x00002244   0x00000004   PAD
    0x1ffff088   0x00002248   0x00000008   Data   RW          122    .data.t             main.o
    0x1ffff090   0x00002250   0x00000008   Data   RW          121    .data.t_unsafe      main.o


    Execution Region ER_ZI (Exec base: 0x1ffff098, Load base: 0x00002258, Size: 0x00000318, Max: 0xffffffff, ABSOLUTE)

    Exec Addr    Load Addr    Size         Type   Attr      Idx    E Section Name        Object

    0x1ffff098        -       0x00000060   Zero   RW          245    .bss                c_p.l(libspace.o)
    0x1ffff0f8        -       0x00000004   Zero   RW          137    .bss.adc_value_state  main.o
    0x1ffff0fc        -       0x00000004   Zero   RW          135    .bss.bpm            main.o
    0x1ffff100        -       0x00000004   Zero   RW          131    .bss.bpm_active     main.o
    0x1ffff104        -       0x00000001   Zero   RW          113    .bss.button_center_state  main.o
    0x1ffff105   0x00002258   0x00000003   PAD
    0x1ffff108        -       0x00000008   Zero   RW          108    .bss.button_center_timer  main.o
    0x1ffff110        -       0x00000001   Zero   RW          112    .bss.button_down_state  main.o
    0x1ffff111   0x00002258   0x00000007   PAD
    0x1ffff118        -       0x00000008   Zero   RW          107    .bss.button_down_timer  main.o
    0x1ffff120        -       0x00000001   Zero   RW          110    .bss.button_left_state  main.o
    0x1ffff121   0x00002258   0x00000007   PAD
    0x1ffff128        -       0x00000008   Zero   RW          105    .bss.button_left_timer  main.o
    0x1ffff130        -       0x00000001   Zero   RW          111    .bss.button_right_state  main.o
    0x1ffff131   0x00002258   0x00000007   PAD
    0x1ffff138        -       0x00000008   Zero   RW          106    .bss.button_right_timer  main.o
    0x1ffff140        -       0x00000001   Zero   RW          109    .bss.button_up_state  main.o
    0x1ffff141   0x00002258   0x00000007   PAD
    0x1ffff148        -       0x00000008   Zero   RW          104    .bss.button_up_timer  main.o
    0x1ffff150        -       0x00000004   Zero   RW          139    .bss.credits_scroll_index  main.o
    0x1ffff154        -       0x00000009   Zero   RW          142    .bss.credits_scroll_text  main.o
    0x1ffff15d   0x00002258   0x00000003   PAD
    0x1ffff160        -       0x00000008   Zero   RW          138    .bss.credits_scroll_timer  main.o
    0x1ffff168        -       0x00000008   Zero   RW          132    .bss.last_rising_edge_t  main.o
    0x1ffff170        -       0x00000008   Zero   RW          125    .bss.lcd_update_timer  main.o
    0x1ffff178        -       0x00000004   Zero   RW          119    .bss.menu_option_slide  main.o
    0x1ffff17c   0x00002258   0x00000004   PAD
    0x1ffff180        -       0x00000008   Zero   RW          120    .bss.menu_option_slide_timer  main.o
    0x1ffff188        -       0x00000004   Zero   RW          133    .bss.period         main.o
    0x1ffff18c        -       0x00000004   Zero   RW          134    .bss.period_ms      main.o
    0x1ffff190        -       0x00000012   Zero   RW          123    .bss.rgb_leds       main.o
    0x1ffff1a2   0x00002258   0x00000002   PAD
    0x1ffff1a4        -       0x00000004   Zero   RW          141    .bss.test_mode_index  main.o
    0x1ffff1a8        -       0x00000008   Zero   RW          140    .bss.test_mode_timer  main.o
    0x1ffff1b0        -       0x00000000   Zero   RW          151    HEAP                startup_mkl25z4.o
    0x1ffff1b0        -       0x00000200   Zero   RW          150    STACK               startup_mkl25z4.o


==============================================================================

Image component sizes


      Code (inc. data)   RO Data    RW Data    ZI Data      Debug   Object Name

      6114        540        176        145        144      16371   main.o
        80         44        192          0        512        992   startup_mkl25z4.o
        12          4          0          0          0       2653   system_mkl25z4.o

    ----------------------------------------------------------------------
      6208        588        400        152        696      20016   Object Totals
         0          0         32          0          0          0   (incl. Generated)
         2          0          0          7         40          0   (incl. Padding)

    ----------------------------------------------------------------------

      Code (inc. data)   RO Data    RW Data    ZI Data      Debug   Library Member Name

         8          0          0          0          0         68   __main.o
         0          0          0          0          0          0   __rtentry.o
        12          0          0          0          0          0   __rtentry2.o
         6          0          0          0          0          0   __rtentry4.o
        86         10          0          0          0          0   __scatter.o
        26          0          0          0          0          0   __scatter_copy.o
        28          0          0          0          0          0   __scatter_zi.o
       364          4          0          0          0         92   aeabi_sdiv.o
        16          0          0          0          0         68   exit.o
         6          0          0          0          0        136   heapauxi.o
         0          0          0          0          0          0   indicate_semi.o
         2          0          0          0          0          0   libinit.o
         2          0          0          0          0          0   libinit2.o
         2          0          0          0          0          0   libshutdown.o
         2          0          0          0          0          0   libshutdown2.o
         8          4          0          0         96         68   libspace.o
        48          0          0          0          0         72   llmul.o
       272          0          0          0          0         88   lludiv.o
        64          0          0          0          0        108   rt_memclr.o
         2          0          0          0          0          0   rtexit.o
        10          0          0          0          0          0   rtexit2.o
        24          0          0          0          0         60   strcat.o
        68          6          0          0          0         72   strlen.o
       108          4          0          0          0         76   strncpy.o
        12          4          0          0          0         60   sys_exit.o
        62          0          0          0          0         80   sys_stackheap_outer.o
         2          0          0          0          0         68   use_no_semi.o
       108         10          0          0          0         72   dfixi.o
        88          0          0          0          0         92   dflti.o
       584         26          0          0          0         84   dmul.o
         0          0          0          0          0          0   usenofp.o

    ----------------------------------------------------------------------
      2028         68          0          0         96       1364   Library Totals
         8          0          0          0          0          0   (incl. Padding)

    ----------------------------------------------------------------------

      Code (inc. data)   RO Data    RW Data    ZI Data      Debug   Library Name

      1240         32          0          0         96       1116   c_p.l
       780         36          0          0          0        248   fz_ps.l

    ----------------------------------------------------------------------
      2028         68          0          0         96       1364   Library Totals

    ----------------------------------------------------------------------

==============================================================================


      Code (inc. data)   RO Data    RW Data    ZI Data      Debug   

      8236        656        400        152        792      20888   Grand Totals
      8236        656        400        152        792      20888   ELF Image Totals
      8236        656        400        152          0          0   ROM Totals

==============================================================================

    Total RO  Size (Code + RO Data)                 8636 (   8.43kB)
    Total RW  Size (RW Data + ZI Data)               944 (   0.92kB)
    Total ROM Size (Code + RO Data + RW Data)       8788 (   8.58kB)

==============================================================================

